Clock: clk
Sources: wb_clk_i 
Generated: no
Virtual: yes
Propagated: no
Period: 25.000000

===========================================================================
report_clock_properties
============================================================================
Clock                   Period          Waveform
----------------------------------------------------
clk                  25.000000    0.000000 12.500000

===========================================================================
report_clock_latency
============================================================================
Clock clk
rise -> rise
    min     max
4.650000 5.570000 source latency
5.417428         network latency _45_/CLK
        6.509344 network latency i_sram/CLKin
---------------
10.067428 12.079344 latency
        2.011916 skew

fall -> fall
    min     max
4.650000 5.570000 source latency
5.480860         network latency _45_/CLK
        6.558993 network latency i_sram/CLKin
---------------
10.130860 12.128993 latency
        1.998133 skew



===========================================================================
report_clock_min_period
============================================================================
clk period_min = 0.00 fmax = inf
