CF_SRAM_1024x32_wb_wrapper
----------------------------------------
Diffusion width < 0.15um (diff/tap.1)
----------------------------------------
 10.560um 314.000um 10.705um 314.560um
 10.560um 310.500um 10.705um 312.500um
 10.560um 307.000um 10.705um 309.000um
 10.560um 303.500um 10.705um 305.500um
 10.560um 300.000um 10.705um 302.000um
 10.560um 296.500um 10.705um 298.500um
 10.560um 293.000um 10.705um 295.000um
 10.560um 289.500um 10.705um 291.500um
 10.560um 286.000um 10.705um 288.000um
 10.560um 282.500um 10.705um 284.500um
 10.560um 279.000um 10.705um 281.000um
 10.560um 275.500um 10.705um 277.500um
 10.560um 272.000um 10.705um 274.000um
 10.560um 268.500um 10.705um 270.500um
 10.560um 265.000um 10.705um 267.000um
 10.560um 261.500um 10.705um 263.500um
 10.560um 258.000um 10.705um 260.000um
 10.560um 254.500um 10.705um 256.500um
 10.560um 251.000um 10.705um 253.000um
 10.560um 247.500um 10.705um 249.500um
 10.560um 244.000um 10.705um 246.000um
 10.560um 240.500um 10.705um 242.500um
 10.560um 237.000um 10.705um 239.000um
 10.560um 233.500um 10.705um 235.500um
 10.560um 231.775um 10.705um 232.000um
 10.560um 230.170um 10.705um 231.775um
 10.560um 230.000um 10.705um 230.170um
 10.560um 228.450um 10.705um 228.500um
 10.560um 226.550um 10.705um 228.450um
 10.560um 226.500um 10.705um 226.550um
 10.560um 223.000um 10.705um 225.000um
 10.560um 219.500um 10.705um 221.500um
 10.560um 217.365um 10.705um 218.000um
 10.560um 216.000um 10.705um 217.365um
 10.560um 212.500um 10.705um 214.500um
 10.560um 209.000um 10.705um 211.000um
 10.560um 205.500um 10.705um 207.500um
 10.560um 202.000um 10.705um 204.000um
 10.560um 198.500um 10.705um 200.500um
 10.560um 195.000um 10.705um 197.000um
 10.560um 191.500um 10.705um 193.500um
 10.560um 188.000um 10.705um 190.000um
 10.560um 184.500um 10.705um 186.500um
 10.560um 181.000um 10.705um 183.000um
 10.560um 177.500um 10.705um 179.500um
 10.560um 174.000um 10.705um 176.000um
 10.560um 170.500um 10.705um 172.500um
 10.560um 167.000um 10.705um 169.000um
 10.560um 163.500um 10.705um 165.500um
 10.560um 160.000um 10.705um 162.000um
 10.560um 156.500um 10.705um 158.500um
 10.560um 153.000um 10.705um 155.000um
 10.560um 149.500um 10.705um 151.500um
 10.560um 146.000um 10.705um 148.000um
 10.560um 142.500um 10.705um 144.500um
 10.560um 139.000um 10.705um 141.000um
 10.560um 135.500um 10.705um 137.500um
 10.560um 132.000um 10.705um 134.000um
 10.560um 128.500um 10.705um 130.500um
 10.560um 125.000um 10.705um 127.000um
 10.560um 121.500um 10.705um 123.500um
 10.560um 118.000um 10.705um 120.000um
 10.560um 114.500um 10.705um 116.500um
 10.560um 111.000um 10.705um 113.000um
 10.560um 107.500um 10.705um 109.500um
 10.560um 104.000um 10.705um 106.000um
 10.560um 100.500um 10.705um 102.500um
 10.560um 97.000um 10.705um 99.000um
 10.560um 93.500um 10.705um 95.500um
 10.560um 90.000um 10.705um 92.000um
 10.560um 86.500um 10.705um 88.500um
 10.560um 83.000um 10.705um 85.000um
 10.560um 79.500um 10.705um 81.500um
 10.560um 76.000um 10.705um 78.000um
 10.560um 72.500um 10.705um 74.500um
 10.560um 69.000um 10.705um 71.000um
 10.560um 65.500um 10.705um 67.500um
 10.560um 62.000um 10.705um 64.000um
 10.560um 58.500um 10.705um 60.500um
 10.560um 55.000um 10.705um 57.000um
 10.560um 51.500um 10.705um 53.500um
 10.560um 48.000um 10.705um 50.000um
 10.560um 44.500um 10.705um 46.500um
 10.560um 41.000um 10.705um 43.000um
 10.560um 426.000um 10.705um 427.870um
 10.560um 422.500um 10.705um 424.500um
 10.560um 419.000um 10.705um 421.000um
 10.560um 415.500um 10.705um 417.500um
 10.560um 412.000um 10.705um 414.000um
 10.560um 408.500um 10.705um 410.500um
 10.560um 405.000um 10.705um 407.000um
 10.560um 401.500um 10.705um 403.500um
 10.560um 398.000um 10.705um 400.000um
 10.560um 394.500um 10.705um 396.500um
 10.560um 391.000um 10.705um 393.000um
 10.560um 387.500um 10.705um 389.500um
 10.560um 384.000um 10.705um 386.000um
 10.560um 380.500um 10.705um 382.500um
 10.560um 377.000um 10.705um 379.000um
 10.560um 373.500um 10.705um 375.500um
 10.560um 370.000um 10.705um 372.000um
 10.560um 366.500um 10.705um 368.500um
 10.560um 363.000um 10.705um 365.000um
 10.560um 359.500um 10.705um 361.500um
 10.560um 356.000um 10.705um 358.000um
 10.560um 352.500um 10.705um 354.500um
 10.560um 349.000um 10.705um 351.000um
 10.560um 345.500um 10.705um 347.500um
 10.560um 342.000um 10.705um 344.000um
 10.560um 338.500um 10.705um 340.500um
 10.560um 335.000um 10.705um 337.000um
 10.560um 331.500um 10.705um 333.500um
 10.560um 328.000um 10.705um 330.000um
 10.560um 324.500um 10.705um 326.500um
 10.560um 321.000um 10.705um 323.000um
 10.560um 317.500um 10.705um 319.500um
 10.560um 314.560um 10.705um 316.000um
----------------------------------------
Can't overlap those layers
----------------------------------------
 139.580um 230.170um 141.155um 231.775um
 139.315um 226.550um 141.400um 228.450um
 139.250um 218.325um 141.775um 219.140um
 141.465um 218.140um 141.775um 218.325um
 141.465um 217.365um 142.895um 218.140um
 144.875um 215.500um 145.875um 216.500um
 313.200um 243.445um 313.875um 243.450um
 313.870um 229.285um 313.875um 229.545um
 313.870um 225.745um 313.875um 226.005um
 313.200um 243.445um 313.875um 243.450um
 313.870um 229.285um 313.875um 229.545um
 313.870um 225.745um 313.875um 226.005um
----------------------------------------
Min area of metal1 holes > 0.14um^2 (met1.7)
----------------------------------------
 313.200um 243.445um 313.875um 243.450um
 313.870um 229.285um 313.875um 229.545um
 313.870um 225.745um 313.875um 226.005um
----------------------------------------
N-well overlap of Deep N-well < 0.4um outside, 1.03um inside (nwell.5a, 7)
----------------------------------------
 10.500um 42.770um 11.930um 314.560um
 312.385um 42.770um 313.815um 314.560um
 10.500um 41.340um 313.815um 42.770um
 10.500um 425.450um 313.815um 426.880um
 10.500um 314.560um 11.930um 425.450um
 312.385um 314.560um 313.815um 425.450um
----------------------------------------
[INFO] COUNT: 138
[INFO] Should be divided by 3 or 4

