Starting…
Running 'Verilator.Lint' at 'CF_SRAM_1024x32_wb_wrapper/runs/26_09_04_22_34/01-verilator-lint'…
Logging subprocess to [repr.filename]'CF_SRAM_1024x32_wb_wrapper/runs/26_09_04_22_34/01-verilator-lint/verilator-lint.log'[/repr.filename]…
Running 'Checker.LintTimingConstructs' at 'CF_SRAM_1024x32_wb_wrapper/runs/26_09_04_22_34/02-checker-linttimingconstructs'…
Check for Lint Timing Errors clear.
Running 'Checker.LintErrors' at 'CF_SRAM_1024x32_wb_wrapper/runs/26_09_04_22_34/03-checker-linterrors'…
2 Lint errors found.
Running 'Checker.LintWarnings' at 'CF_SRAM_1024x32_wb_wrapper/runs/26_09_04_22_34/04-checker-lintwarnings'…
446 Lint warnings found.
Running 'Yosys.Synthesis' at 'CF_SRAM_1024x32_wb_wrapper/runs/26_09_04_22_34/05-yosys-synthesis'…
Logging subprocess to [repr.filename]'CF_SRAM_1024x32_wb_wrapper/runs/26_09_04_22_34/05-yosys-synthesis/yosys-synthesis.log'[/repr.filename]…
Parsing synthesis checks…
Running 'Checker.YosysUnmappedCells' at 'CF_SRAM_1024x32_wb_wrapper/runs/26_09_04_22_34/06-checker-yosysunmappedcells'…
Check for Unmapped Yosys instances clear.
Running 'Checker.YosysSynthChecks' at 'CF_SRAM_1024x32_wb_wrapper/runs/26_09_04_22_34/07-checker-yosyssynthchecks'…
Check for Yosys check errors clear.
Running 'Checker.NetlistAssignStatements' at 'CF_SRAM_1024x32_wb_wrapper/runs/26_09_04_22_34/08-checker-netlistassignstatements'…
Running 'OpenROAD.CheckSDCFiles' at 'CF_SRAM_1024x32_wb_wrapper/runs/26_09_04_22_34/09-openroad-checksdcfiles'…
Running 'OpenROAD.CheckMacroInstances' at 'CF_SRAM_1024x32_wb_wrapper/runs/26_09_04_22_34/10-openroad-checkmacroinstances'…
No macros found, skipping instance check…
Running 'OpenROAD.STAPrePNR' at 'CF_SRAM_1024x32_wb_wrapper/runs/26_09_04_22_34/11-openroad-staprepnr'…
Starting STA for the nom_tt_025C_1v80 timing corner…
Starting STA for the nom_ss_100C_1v60 timing corner…
Starting STA for the nom_ff_n40C_1v95 timing corner…
Skipping corner min_tt_025C_1v80 for STA (identical to nom_tt_025C_1v80 at this stage)…
Skipping corner min_ss_100C_1v60 for STA (identical to nom_ss_100C_1v60 at this stage)…
Skipping corner min_ff_n40C_1v95 for STA (identical to nom_ff_n40C_1v95 at this stage)…
Skipping corner max_tt_025C_1v80 for STA (identical to nom_tt_025C_1v80 at this stage)…
Skipping corner max_ss_100C_1v60 for STA (identical to nom_ss_100C_1v60 at this stage)…
Skipping corner max_ff_n40C_1v95 for STA (identical to nom_ff_n40C_1v95 at this stage)…
Logging subprocess to [repr.filename]'CF_SRAM_1024x32_wb_wrapper/runs/26_09_04_22_34/11-openroad-staprepnr/nom_tt_025C_1v80/sta.log'[/repr.filename]…
Logging subprocess to [repr.filename]'CF_SRAM_1024x32_wb_wrapper/runs/26_09_04_22_34/11-openroad-staprepnr/nom_ss_100C_1v60/sta.log'[/repr.filename]…
Logging subprocess to [repr.filename]'CF_SRAM_1024x32_wb_wrapper/runs/26_09_04_22_34/11-openroad-staprepnr/nom_ff_n40C_1v95/sta.log'[/repr.filename]…
Finished STA for the nom_ff_n40C_1v95 timing corner.
Finished STA for the nom_ss_100C_1v60 timing corner.
Finished STA for the nom_tt_025C_1v80 timing corner.
Running 'OpenROAD.Floorplan' at 'CF_SRAM_1024x32_wb_wrapper/runs/26_09_04_22_34/12-openroad-floorplan'…
Logging subprocess to [repr.filename]'CF_SRAM_1024x32_wb_wrapper/runs/26_09_04_22_34/12-openroad-floorplan/openroad-floorplan.log'[/repr.filename]…
[STA-1173] /Users/jeffdi/Projects/chipignite-ip/caravel_user_sram/ip/CF_SRAM_1024x32/lib/CF_SRAM_1024x32_tt_180V_25C.lib line 62, default_fanout_load is 0.0.
[IFP-0028] Core area lower left (5.000, 5.000) snapped to (5.060, 5.440).
Running 'Odb.CheckMacroAntennaProperties' at 'CF_SRAM_1024x32_wb_wrapper/runs/26_09_04_22_34/13-odb-checkmacroantennaproperties'…
No cells provided, skipping…
Running 'Odb.ManualMacroPlacement' at 'CF_SRAM_1024x32_wb_wrapper/runs/26_09_04_22_34/14-odb-manualmacroplacement'…
Using 'MACRO_PLACEMENT_CFG' is deprecated. It is recommended to use the new 'MACROS' configuration variable.
Logging subprocess to [repr.filename]'CF_SRAM_1024x32_wb_wrapper/runs/26_09_04_22_34/14-odb-manualmacroplacement/odb-manualmacroplacement.log'[/repr.filename]…
Running 'OpenROAD.CutRows' at 'CF_SRAM_1024x32_wb_wrapper/runs/26_09_04_22_34/15-openroad-cutrows'…
Logging subprocess to [repr.filename]'CF_SRAM_1024x32_wb_wrapper/runs/26_09_04_22_34/15-openroad-cutrows/openroad-cutrows.log'[/repr.filename]…
[STA-1173] /Users/jeffdi/Projects/chipignite-ip/caravel_user_sram/ip/CF_SRAM_1024x32/lib/CF_SRAM_1024x32_tt_180V_25C.lib line 62, default_fanout_load is 0.0.
Running 'OpenROAD.TapEndcapInsertion' at 'CF_SRAM_1024x32_wb_wrapper/runs/26_09_04_22_34/16-openroad-tapendcapinsertion'…
Logging subprocess to [repr.filename]'CF_SRAM_1024x32_wb_wrapper/runs/26_09_04_22_34/16-openroad-tapendcapinsertion/openroad-tapendcapinsertion.log'[/repr.filename]…
[STA-1173] /Users/jeffdi/Projects/chipignite-ip/caravel_user_sram/ip/CF_SRAM_1024x32/lib/CF_SRAM_1024x32_tt_180V_25C.lib line 62, default_fanout_load is 0.0.
Running 'Odb.AddPDNObstructions' at 'CF_SRAM_1024x32_wb_wrapper/runs/26_09_04_22_34/17-odb-addpdnobstructions'…
'PDN_OBSTRUCTIONS' is not defined. Skipping 'Odb.AddPDNObstructions'…
Running 'OpenROAD.GeneratePDN' at 'CF_SRAM_1024x32_wb_wrapper/runs/26_09_04_22_34/18-openroad-generatepdn'…
Logging subprocess to [repr.filename]'CF_SRAM_1024x32_wb_wrapper/runs/26_09_04_22_34/18-openroad-generatepdn/openroad-generatepdn.log'[/repr.filename]…
[STA-1173] /Users/jeffdi/Projects/chipignite-ip/caravel_user_sram/ip/CF_SRAM_1024x32/lib/CF_SRAM_1024x32_tt_180V_25C.lib line 62, default_fanout_load is 0.0.
[PDN-0110] No via inserted between met1 and met2 at (9.1800, 29.6800) - (10.9400, 29.7200) on VPWR
[PDN-0110] No via inserted between met1 and met2 at (59.1800, 29.6800) - (60.9400, 29.8600) on VPWR
[PDN-0110] No via inserted between met1 and met2 at (109.1800, 29.6800) - (110.9400, 29.8600) on VPWR
[PDN-0110] No via inserted between met1 and met2 at (159.1800, 29.6800) - (160.9400, 29.8600) on VPWR
[PDN-0110] No via inserted between met1 and met2 at (209.1800, 29.6800) - (210.9400, 29.8600) on VPWR
[PDN-0110] No via inserted between met1 and met2 at (259.1800, 29.6800) - (260.9400, 29.7200) on VPWR
[PDN-0110] No via inserted between met1 and met2 at (309.1800, 29.6800) - (310.9400, 29.8600) on VPWR
Running 'Odb.RemovePDNObstructions' at 'CF_SRAM_1024x32_wb_wrapper/runs/26_09_04_22_34/19-odb-removepdnobstructions'…
'PDN_OBSTRUCTIONS' is not defined. Skipping 'Odb.RemovePDNObstructions'…
Running 'Odb.AddRoutingObstructions' at 'CF_SRAM_1024x32_wb_wrapper/runs/26_09_04_22_34/20-odb-addroutingobstructions'…
Logging subprocess to [repr.filename]'CF_SRAM_1024x32_wb_wrapper/runs/26_09_04_22_34/20-odb-addroutingobstructions/odb-addroutingobstructions.log'[/repr.filename]…
Running 'OpenROAD.GlobalPlacementSkipIO' at 'CF_SRAM_1024x32_wb_wrapper/runs/26_09_04_22_34/21-openroad-globalplacementskipio'…
Logging subprocess to [repr.filename]'CF_SRAM_1024x32_wb_wrapper/runs/26_09_04_22_34/21-openroad-globalplacementskipio/openroad-globalplacementskipio.log'[/repr.filename]…
[STA-1173] /Users/jeffdi/Projects/chipignite-ip/caravel_user_sram/ip/CF_SRAM_1024x32/lib/CF_SRAM_1024x32_tt_180V_25C.lib line 62, default_fanout_load is 0.0.
Running 'OpenROAD.IOPlacement' at 'CF_SRAM_1024x32_wb_wrapper/runs/26_09_04_22_34/22-openroad-ioplacement'…
FP_PIN_ORDER_CFG is set. Skipping 'OpenROAD.IOPlacement'…
Running 'Odb.CustomIOPlacement' at 'CF_SRAM_1024x32_wb_wrapper/runs/26_09_04_22_34/23-odb-customioplacement'…
Logging subprocess to [repr.filename]'CF_SRAM_1024x32_wb_wrapper/runs/26_09_04_22_34/23-odb-customioplacement/odb-customioplacement.log'[/repr.filename]…
Running 'Odb.ApplyDEFTemplate' at 'CF_SRAM_1024x32_wb_wrapper/runs/26_09_04_22_34/24-odb-applydeftemplate'…
No DEF template provided, skipping…
Running 'OpenROAD.GlobalPlacement' at 'CF_SRAM_1024x32_wb_wrapper/runs/26_09_04_22_34/25-openroad-globalplacement'…
Logging subprocess to [repr.filename]'CF_SRAM_1024x32_wb_wrapper/runs/26_09_04_22_34/25-openroad-globalplacement/openroad-globalplacement.log'[/repr.filename]…
[STA-1173] /Users/jeffdi/Projects/chipignite-ip/caravel_user_sram/ip/CF_SRAM_1024x32/lib/CF_SRAM_1024x32_tt_180V_25C.lib line 62, default_fanout_load is 0.0.
Running 'Checker.PowerGridViolations' at 'CF_SRAM_1024x32_wb_wrapper/runs/26_09_04_22_34/26-checker-powergridviolations'…
Check for power grid violations (as reported by OpenROAD PSM- you may ignore these if LVS passes) clear.
Running 'OpenROAD.STAMidPNR' at 'CF_SRAM_1024x32_wb_wrapper/runs/26_09_04_22_34/27-openroad-stamidpnr'…
Logging subprocess to [repr.filename]'CF_SRAM_1024x32_wb_wrapper/runs/26_09_04_22_34/27-openroad-stamidpnr/openroad-stamidpnr.log'[/repr.filename]…
[STA-1173] /Users/jeffdi/Projects/chipignite-ip/caravel_user_sram/ip/CF_SRAM_1024x32/lib/CF_SRAM_1024x32_tt_180V_25C.lib line 62, default_fanout_load is 0.0.
[GRT-0097] No global routing found for nets.
Running 'OpenROAD.RepairDesignPostGPL' at 'CF_SRAM_1024x32_wb_wrapper/runs/26_09_04_22_34/28-openroad-repairdesignpostgpl'…
Logging subprocess to [repr.filename]'CF_SRAM_1024x32_wb_wrapper/runs/26_09_04_22_34/28-openroad-repairdesignpostgpl/openroad-repairdesignpostgpl.log'[/repr.filename]…
[STA-1173] /Users/jeffdi/Projects/chipignite-ip/caravel_user_sram/ip/CF_SRAM_1024x32/lib/CF_SRAM_1024x32_tt_180V_25C.lib line 62, default_fanout_load is 0.0.
[STA-1140] /Users/jeffdi/Projects/chipignite-ip/caravel_user_sram/ip/CF_SRAM_1024x32/lib/CF_SRAM_1024x32_tt_180V_25C.lib line 29, library CF_SRAM_1024x32_tt_180V_25C already exists.
[STA-1173] /Users/jeffdi/Projects/chipignite-ip/caravel_user_sram/ip/CF_SRAM_1024x32/lib/CF_SRAM_1024x32_tt_180V_25C.lib line 62, default_fanout_load is 0.0.
[STA-1140] /Users/jeffdi/Projects/chipignite-ip/caravel_user_sram/ip/CF_SRAM_1024x32/lib/CF_SRAM_1024x32_tt_180V_25C.lib line 29, library CF_SRAM_1024x32_tt_180V_25C already exists.
[STA-1173] /Users/jeffdi/Projects/chipignite-ip/caravel_user_sram/ip/CF_SRAM_1024x32/lib/CF_SRAM_1024x32_tt_180V_25C.lib line 62, default_fanout_load is 0.0.
Running 'Odb.ManualGlobalPlacement' at 'CF_SRAM_1024x32_wb_wrapper/runs/26_09_04_22_34/29-odb-manualglobalplacement'…
'MANUAL_GLOBAL_PLACEMENTS' not set, skipping…
Running 'OpenROAD.DetailedPlacement' at 'CF_SRAM_1024x32_wb_wrapper/runs/26_09_04_22_34/30-openroad-detailedplacement'…
Logging subprocess to [repr.filename]'CF_SRAM_1024x32_wb_wrapper/runs/26_09_04_22_34/30-openroad-detailedplacement/openroad-detailedplacement.log'[/repr.filename]…
[STA-1173] /Users/jeffdi/Projects/chipignite-ip/caravel_user_sram/ip/CF_SRAM_1024x32/lib/CF_SRAM_1024x32_tt_180V_25C.lib line 62, default_fanout_load is 0.0.
Running 'OpenROAD.CTS' at 'CF_SRAM_1024x32_wb_wrapper/runs/26_09_04_22_34/31-openroad-cts'…
Logging subprocess to [repr.filename]'CF_SRAM_1024x32_wb_wrapper/runs/26_09_04_22_34/31-openroad-cts/openroad-cts.log'[/repr.filename]…
[STA-1173] /Users/jeffdi/Projects/chipignite-ip/caravel_user_sram/ip/CF_SRAM_1024x32/lib/CF_SRAM_1024x32_tt_180V_25C.lib line 62, default_fanout_load is 0.0.
[STA-1140] /Users/jeffdi/Projects/chipignite-ip/caravel_user_sram/ip/CF_SRAM_1024x32/lib/CF_SRAM_1024x32_tt_180V_25C.lib line 29, library CF_SRAM_1024x32_tt_180V_25C already exists.
[STA-1173] /Users/jeffdi/Projects/chipignite-ip/caravel_user_sram/ip/CF_SRAM_1024x32/lib/CF_SRAM_1024x32_tt_180V_25C.lib line 62, default_fanout_load is 0.0.
[STA-1140] /Users/jeffdi/Projects/chipignite-ip/caravel_user_sram/ip/CF_SRAM_1024x32/lib/CF_SRAM_1024x32_tt_180V_25C.lib line 29, library CF_SRAM_1024x32_tt_180V_25C already exists.
[STA-1173] /Users/jeffdi/Projects/chipignite-ip/caravel_user_sram/ip/CF_SRAM_1024x32/lib/CF_SRAM_1024x32_tt_180V_25C.lib line 62, default_fanout_load is 0.0.
Running 'OpenROAD.STAMidPNR-1' at 'CF_SRAM_1024x32_wb_wrapper/runs/26_09_04_22_34/32-openroad-stamidpnr-1'…
Logging subprocess to [repr.filename]'CF_SRAM_1024x32_wb_wrapper/runs/26_09_04_22_34/32-openroad-stamidpnr-1/openroad-stamidpnr-1.log'[/repr.filename]…
[STA-1173] /Users/jeffdi/Projects/chipignite-ip/caravel_user_sram/ip/CF_SRAM_1024x32/lib/CF_SRAM_1024x32_tt_180V_25C.lib line 62, default_fanout_load is 0.0.
[GRT-0097] No global routing found for nets.
Running 'OpenROAD.ResizerTimingPostCTS' at 'CF_SRAM_1024x32_wb_wrapper/runs/26_09_04_22_34/33-openroad-resizertimingpostcts'…
Logging subprocess to [repr.filename]'CF_SRAM_1024x32_wb_wrapper/runs/26_09_04_22_34/33-openroad-resizertimingpostcts/openroad-resizertimingpostcts.log'[/repr.filename]…
[STA-1173] /Users/jeffdi/Projects/chipignite-ip/caravel_user_sram/ip/CF_SRAM_1024x32/lib/CF_SRAM_1024x32_tt_180V_25C.lib line 62, default_fanout_load is 0.0.
[STA-1140] /Users/jeffdi/Projects/chipignite-ip/caravel_user_sram/ip/CF_SRAM_1024x32/lib/CF_SRAM_1024x32_tt_180V_25C.lib line 29, library CF_SRAM_1024x32_tt_180V_25C already exists.
[STA-1173] /Users/jeffdi/Projects/chipignite-ip/caravel_user_sram/ip/CF_SRAM_1024x32/lib/CF_SRAM_1024x32_tt_180V_25C.lib line 62, default_fanout_load is 0.0.
[STA-1140] /Users/jeffdi/Projects/chipignite-ip/caravel_user_sram/ip/CF_SRAM_1024x32/lib/CF_SRAM_1024x32_tt_180V_25C.lib line 29, library CF_SRAM_1024x32_tt_180V_25C already exists.
[STA-1173] /Users/jeffdi/Projects/chipignite-ip/caravel_user_sram/ip/CF_SRAM_1024x32/lib/CF_SRAM_1024x32_tt_180V_25C.lib line 62, default_fanout_load is 0.0.
Running 'OpenROAD.STAMidPNR-2' at 'CF_SRAM_1024x32_wb_wrapper/runs/26_09_04_22_34/34-openroad-stamidpnr-2'…
Logging subprocess to [repr.filename]'CF_SRAM_1024x32_wb_wrapper/runs/26_09_04_22_34/34-openroad-stamidpnr-2/openroad-stamidpnr-2.log'[/repr.filename]…
[STA-1173] /Users/jeffdi/Projects/chipignite-ip/caravel_user_sram/ip/CF_SRAM_1024x32/lib/CF_SRAM_1024x32_tt_180V_25C.lib line 62, default_fanout_load is 0.0.
[GRT-0097] No global routing found for nets.
Running 'OpenROAD.GlobalRouting' at 'CF_SRAM_1024x32_wb_wrapper/runs/26_09_04_22_34/35-openroad-globalrouting'…
Logging subprocess to [repr.filename]'CF_SRAM_1024x32_wb_wrapper/runs/26_09_04_22_34/35-openroad-globalrouting/openroad-globalrouting.log'[/repr.filename]…
[STA-1173] /Users/jeffdi/Projects/chipignite-ip/caravel_user_sram/ip/CF_SRAM_1024x32/lib/CF_SRAM_1024x32_tt_180V_25C.lib line 62, default_fanout_load is 0.0.
Running 'OpenROAD.CheckAntennas' at 'CF_SRAM_1024x32_wb_wrapper/runs/26_09_04_22_34/36-openroad-checkantennas'…
Logging subprocess to [repr.filename]'CF_SRAM_1024x32_wb_wrapper/runs/26_09_04_22_34/36-openroad-checkantennas/openroad-checkantennas.log'[/repr.filename]…
[STA-1173] /Users/jeffdi/Projects/chipignite-ip/caravel_user_sram/ip/CF_SRAM_1024x32/lib/CF_SRAM_1024x32_tt_180V_25C.lib line 62, default_fanout_load is 0.0.
Gating variable for step 'OpenROAD.RepairDesignPostGRT' set to 'False'- the step will be skipped.
Skipping step 'Repair Design (Post-Global Routing)'…
Running 'Odb.DiodesOnPorts' at 'CF_SRAM_1024x32_wb_wrapper/runs/26_09_04_22_34/37-odb-diodesonports'…
'DIODE_ON_PORTS' is set to 'none': skipping…
Gating variable for step 'Odb.HeuristicDiodeInsertion' set to 'False'- the step will be skipped.
Skipping step 'Heuristic Diode Insertion'…
Running 'OpenROAD.RepairAntennas' at 'CF_SRAM_1024x32_wb_wrapper/runs/26_09_04_22_34/38-openroad-repairantennas'…
Running 'DiodeInsertion' at 'CF_SRAM_1024x32_wb_wrapper/runs/26_09_04_22_34/38-openroad-repairantennas/1-diodeinsertion'…
Logging subprocess to [repr.filename]'CF_SRAM_1024x32_wb_wrapper/runs/26_09_04_22_34/38-openroad-repairantennas/1-diodeinsertion/diodeinsertion.log'[/repr.filename]…
[STA-1173] /Users/jeffdi/Projects/chipignite-ip/caravel_user_sram/ip/CF_SRAM_1024x32/lib/CF_SRAM_1024x32_tt_180V_25C.lib line 62, default_fanout_load is 0.0.
Running 'OpenROAD.CheckAntennas' at 'CF_SRAM_1024x32_wb_wrapper/runs/26_09_04_22_34/38-openroad-repairantennas/2-openroad-checkantennas'…
Logging subprocess to [repr.filename]'CF_SRAM_1024x32_wb_wrapper/runs/26_09_04_22_34/38-openroad-repairantennas/2-openroad-checkantennas/openroad-checkantennas.log'[/repr.filename]…
[STA-1173] /Users/jeffdi/Projects/chipignite-ip/caravel_user_sram/ip/CF_SRAM_1024x32/lib/CF_SRAM_1024x32_tt_180V_25C.lib line 62, default_fanout_load is 0.0.
Running 'OpenROAD.ResizerTimingPostGRT' at 'CF_SRAM_1024x32_wb_wrapper/runs/26_09_04_22_34/39-openroad-resizertimingpostgrt'…
Logging subprocess to [repr.filename]'CF_SRAM_1024x32_wb_wrapper/runs/26_09_04_22_34/39-openroad-resizertimingpostgrt/openroad-resizertimingpostgrt.log'[/repr.filename]…
[STA-1173] /Users/jeffdi/Projects/chipignite-ip/caravel_user_sram/ip/CF_SRAM_1024x32/lib/CF_SRAM_1024x32_tt_180V_25C.lib line 62, default_fanout_load is 0.0.
[STA-1140] /Users/jeffdi/Projects/chipignite-ip/caravel_user_sram/ip/CF_SRAM_1024x32/lib/CF_SRAM_1024x32_tt_180V_25C.lib line 29, library CF_SRAM_1024x32_tt_180V_25C already exists.
[STA-1173] /Users/jeffdi/Projects/chipignite-ip/caravel_user_sram/ip/CF_SRAM_1024x32/lib/CF_SRAM_1024x32_tt_180V_25C.lib line 62, default_fanout_load is 0.0.
[STA-1140] /Users/jeffdi/Projects/chipignite-ip/caravel_user_sram/ip/CF_SRAM_1024x32/lib/CF_SRAM_1024x32_tt_180V_25C.lib line 29, library CF_SRAM_1024x32_tt_180V_25C already exists.
[STA-1173] /Users/jeffdi/Projects/chipignite-ip/caravel_user_sram/ip/CF_SRAM_1024x32/lib/CF_SRAM_1024x32_tt_180V_25C.lib line 62, default_fanout_load is 0.0.
Running 'OpenROAD.STAMidPNR-3' at 'CF_SRAM_1024x32_wb_wrapper/runs/26_09_04_22_34/40-openroad-stamidpnr-3'…
Logging subprocess to [repr.filename]'CF_SRAM_1024x32_wb_wrapper/runs/26_09_04_22_34/40-openroad-stamidpnr-3/openroad-stamidpnr-3.log'[/repr.filename]…
[STA-1173] /Users/jeffdi/Projects/chipignite-ip/caravel_user_sram/ip/CF_SRAM_1024x32/lib/CF_SRAM_1024x32_tt_180V_25C.lib line 62, default_fanout_load is 0.0.
Running 'OpenROAD.DetailedRouting' at 'CF_SRAM_1024x32_wb_wrapper/runs/26_09_04_22_34/41-openroad-detailedrouting'…
Running TritonRoute with 10 threads…
Logging subprocess to [repr.filename]'CF_SRAM_1024x32_wb_wrapper/runs/26_09_04_22_34/41-openroad-detailedrouting/openroad-detailedrouting.log'[/repr.filename]…
[STA-1173] /Users/jeffdi/Projects/chipignite-ip/caravel_user_sram/ip/CF_SRAM_1024x32/lib/CF_SRAM_1024x32_tt_180V_25C.lib line 62, default_fanout_load is 0.0.
[DRT-0349] LEF58_ENCLOSURE with no CUTCLASS is not supported. Skipping for layer mcon
[DRT-0349] LEF58_ENCLOSURE with no CUTCLASS is not supported. Skipping for layer mcon
[DRT-0349] LEF58_ENCLOSURE with no CUTCLASS is not supported. Skipping for layer via
[DRT-0349] LEF58_ENCLOSURE with no CUTCLASS is not supported. Skipping for layer via
[DRT-0349] LEF58_ENCLOSURE with no CUTCLASS is not supported. Skipping for layer via2
[DRT-0349] LEF58_ENCLOSURE with no CUTCLASS is not supported. Skipping for layer via2
[DRT-0349] LEF58_ENCLOSURE with no CUTCLASS is not supported. Skipping for layer via3
[DRT-0349] LEF58_ENCLOSURE with no CUTCLASS is not supported. Skipping for layer via3
[DRT-0349] LEF58_ENCLOSURE with no CUTCLASS is not supported. Skipping for layer via4
[DRT-0349] LEF58_ENCLOSURE with no CUTCLASS is not supported. Skipping for layer via4
Running 'Odb.RemoveRoutingObstructions' at 'CF_SRAM_1024x32_wb_wrapper/runs/26_09_04_22_34/42-odb-removeroutingobstructions'…
Logging subprocess to [repr.filename]'CF_SRAM_1024x32_wb_wrapper/runs/26_09_04_22_34/42-odb-removeroutingobstructions/odb-removeroutingobstructions.log'[/repr.filename]…
Running 'OpenROAD.CheckAntennas-1' at 'CF_SRAM_1024x32_wb_wrapper/runs/26_09_04_22_34/43-openroad-checkantennas-1'…
Logging subprocess to [repr.filename]'CF_SRAM_1024x32_wb_wrapper/runs/26_09_04_22_34/43-openroad-checkantennas-1/openroad-checkantennas-1.log'[/repr.filename]…
[STA-1173] /Users/jeffdi/Projects/chipignite-ip/caravel_user_sram/ip/CF_SRAM_1024x32/lib/CF_SRAM_1024x32_tt_180V_25C.lib line 62, default_fanout_load is 0.0.
Running 'Checker.TrDRC' at 'CF_SRAM_1024x32_wb_wrapper/runs/26_09_04_22_34/44-checker-trdrc'…
Check for Routing DRC errors clear.
Running 'Odb.ReportDisconnectedPins' at 'CF_SRAM_1024x32_wb_wrapper/runs/26_09_04_22_34/45-odb-reportdisconnectedpins'…
Logging subprocess to [repr.filename]'CF_SRAM_1024x32_wb_wrapper/runs/26_09_04_22_34/45-odb-reportdisconnectedpins/odb-reportdisconnectedpins.log'[/repr.filename]…
Running 'Checker.DisconnectedPins' at 'CF_SRAM_1024x32_wb_wrapper/runs/26_09_04_22_34/46-checker-disconnectedpins'…
Check for critical disconnected pins clear.
Running 'Odb.ReportWireLength' at 'CF_SRAM_1024x32_wb_wrapper/runs/26_09_04_22_34/47-odb-reportwirelength'…
Logging subprocess to [repr.filename]'CF_SRAM_1024x32_wb_wrapper/runs/26_09_04_22_34/47-odb-reportwirelength/odb-reportwirelength.log'[/repr.filename]…
Running 'Checker.WireLength' at 'CF_SRAM_1024x32_wb_wrapper/runs/26_09_04_22_34/48-checker-wirelength'…
Threshold for Threshold-surpassing long wires is not set. The checker will be skipped.
Running 'OpenROAD.FillInsertion' at 'CF_SRAM_1024x32_wb_wrapper/runs/26_09_04_22_34/49-openroad-fillinsertion'…
Logging subprocess to [repr.filename]'CF_SRAM_1024x32_wb_wrapper/runs/26_09_04_22_34/49-openroad-fillinsertion/openroad-fillinsertion.log'[/repr.filename]…
[STA-1173] /Users/jeffdi/Projects/chipignite-ip/caravel_user_sram/ip/CF_SRAM_1024x32/lib/CF_SRAM_1024x32_tt_180V_25C.lib line 62, default_fanout_load is 0.0.
Running 'Odb.CellFrequencyTables' at 'CF_SRAM_1024x32_wb_wrapper/runs/26_09_04_22_34/50-odb-cellfrequencytables'…
Logging subprocess to [repr.filename]'CF_SRAM_1024x32_wb_wrapper/runs/26_09_04_22_34/50-odb-cellfrequencytables/buffer_list.txt'[/repr.filename]…
Logging subprocess to [repr.filename]'CF_SRAM_1024x32_wb_wrapper/runs/26_09_04_22_34/50-odb-cellfrequencytables/odb-cellfrequencytables.log'[/repr.filename]…
Running 'OpenROAD.RCX' at 'CF_SRAM_1024x32_wb_wrapper/runs/26_09_04_22_34/51-openroad-rcx'…
Running RCX for corners matching nom_* (/Users/jeffdi/Projects/chipignite-ip/caravel_user_sram/openlane/CF_SRAM_1024x32_wb_wrapper/runs/26_09_04_22_34/51-openroad-rcx/nom/rcx.log)…
Running RCX for corners matching min_* (/Users/jeffdi/Projects/chipignite-ip/caravel_user_sram/openlane/CF_SRAM_1024x32_wb_wrapper/runs/26_09_04_22_34/51-openroad-rcx/min/rcx.log)…
Running RCX for corners matching max_* (/Users/jeffdi/Projects/chipignite-ip/caravel_user_sram/openlane/CF_SRAM_1024x32_wb_wrapper/runs/26_09_04_22_34/51-openroad-rcx/max/rcx.log)…
Logging subprocess to [repr.filename]'CF_SRAM_1024x32_wb_wrapper/runs/26_09_04_22_34/51-openroad-rcx/nom/rcx.log'[/repr.filename]…
Logging subprocess to [repr.filename]'CF_SRAM_1024x32_wb_wrapper/runs/26_09_04_22_34/51-openroad-rcx/max/rcx.log'[/repr.filename]…
Logging subprocess to [repr.filename]'CF_SRAM_1024x32_wb_wrapper/runs/26_09_04_22_34/51-openroad-rcx/min/rcx.log'[/repr.filename]…
Finished RCX for corners matching max_*.
Finished RCX for corners matching nom_*.
Finished RCX for corners matching min_*.
Running 'OpenROAD.STAPostPNR' at 'CF_SRAM_1024x32_wb_wrapper/runs/26_09_04_22_34/52-openroad-stapostpnr'…
Starting STA for the nom_tt_025C_1v80 timing corner…
Starting STA for the nom_ss_100C_1v60 timing corner…
Starting STA for the nom_ff_n40C_1v95 timing corner…
Starting STA for the min_tt_025C_1v80 timing corner…
Starting STA for the min_ss_100C_1v60 timing corner…
Starting STA for the min_ff_n40C_1v95 timing corner…
Starting STA for the max_tt_025C_1v80 timing corner…
Starting STA for the max_ss_100C_1v60 timing corner…
Starting STA for the max_ff_n40C_1v95 timing corner…
Logging subprocess to [repr.filename]'CF_SRAM_1024x32_wb_wrapper/runs/26_09_04_22_34/52-openroad-stapostpnr/nom_ss_100C_1v60/sta.log'[/repr.filename]…
Logging subprocess to [repr.filename]'CF_SRAM_1024x32_wb_wrapper/runs/26_09_04_22_34/52-openroad-stapostpnr/nom_tt_025C_1v80/sta.log'[/repr.filename]…
Logging subprocess to [repr.filename]'CF_SRAM_1024x32_wb_wrapper/runs/26_09_04_22_34/52-openroad-stapostpnr/min_tt_025C_1v80/sta.log'[/repr.filename]…
Logging subprocess to [repr.filename]'CF_SRAM_1024x32_wb_wrapper/runs/26_09_04_22_34/52-openroad-stapostpnr/nom_ff_n40C_1v95/sta.log'[/repr.filename]…
Logging subprocess to [repr.filename]'CF_SRAM_1024x32_wb_wrapper/runs/26_09_04_22_34/52-openroad-stapostpnr/min_ff_n40C_1v95/sta.log'[/repr.filename]…
Logging subprocess to [repr.filename]'CF_SRAM_1024x32_wb_wrapper/runs/26_09_04_22_34/52-openroad-stapostpnr/min_ss_100C_1v60/sta.log'[/repr.filename]…
Logging subprocess to [repr.filename]'CF_SRAM_1024x32_wb_wrapper/runs/26_09_04_22_34/52-openroad-stapostpnr/max_tt_025C_1v80/sta.log'[/repr.filename]…
Logging subprocess to [repr.filename]'CF_SRAM_1024x32_wb_wrapper/runs/26_09_04_22_34/52-openroad-stapostpnr/max_ss_100C_1v60/sta.log'[/repr.filename]…
Logging subprocess to [repr.filename]'CF_SRAM_1024x32_wb_wrapper/runs/26_09_04_22_34/52-openroad-stapostpnr/max_ff_n40C_1v95/sta.log'[/repr.filename]…
Finished STA for the min_tt_025C_1v80 timing corner.
Finished STA for the min_ss_100C_1v60 timing corner.
Logging subprocess to [repr.filename]'CF_SRAM_1024x32_wb_wrapper/runs/26_09_04_22_34/52-openroad-stapostpnr/min_tt_025C_1v80/filter_unannotated.log'[/repr.filename]…
Logging subprocess to [repr.filename]'CF_SRAM_1024x32_wb_wrapper/runs/26_09_04_22_34/52-openroad-stapostpnr/min_ss_100C_1v60/filter_unannotated.log'[/repr.filename]…
Finished STA for the nom_ss_100C_1v60 timing corner.
Finished STA for the nom_tt_025C_1v80 timing corner.
Finished STA for the nom_ff_n40C_1v95 timing corner.
Finished STA for the max_tt_025C_1v80 timing corner.
Finished STA for the max_ss_100C_1v60 timing corner.
Finished STA for the min_ff_n40C_1v95 timing corner.
Finished STA for the max_ff_n40C_1v95 timing corner.
Logging subprocess to [repr.filename]'CF_SRAM_1024x32_wb_wrapper/runs/26_09_04_22_34/52-openroad-stapostpnr/nom_ss_100C_1v60/filter_unannotated.log'[/repr.filename]…
Logging subprocess to [repr.filename]'CF_SRAM_1024x32_wb_wrapper/runs/26_09_04_22_34/52-openroad-stapostpnr/nom_ff_n40C_1v95/filter_unannotated.log'[/repr.filename]…
Logging subprocess to [repr.filename]'CF_SRAM_1024x32_wb_wrapper/runs/26_09_04_22_34/52-openroad-stapostpnr/nom_tt_025C_1v80/filter_unannotated.log'[/repr.filename]…
Logging subprocess to [repr.filename]'CF_SRAM_1024x32_wb_wrapper/runs/26_09_04_22_34/52-openroad-stapostpnr/max_tt_025C_1v80/filter_unannotated.log'[/repr.filename]…
Logging subprocess to [repr.filename]'CF_SRAM_1024x32_wb_wrapper/runs/26_09_04_22_34/52-openroad-stapostpnr/max_ss_100C_1v60/filter_unannotated.log'[/repr.filename]…
Logging subprocess to [repr.filename]'CF_SRAM_1024x32_wb_wrapper/runs/26_09_04_22_34/52-openroad-stapostpnr/min_ff_n40C_1v95/filter_unannotated.log'[/repr.filename]…
Logging subprocess to [repr.filename]'CF_SRAM_1024x32_wb_wrapper/runs/26_09_04_22_34/52-openroad-stapostpnr/max_ff_n40C_1v95/filter_unannotated.log'[/repr.filename]…
Gating variable for step 'OpenROAD.IRDropReport' set to 'False'- the step will be skipped.
Skipping step 'IR Drop Report'…
Running 'Magic.StreamOut' at 'CF_SRAM_1024x32_wb_wrapper/runs/26_09_04_22_34/53-magic-streamout'…
Logging subprocess to [repr.filename]'CF_SRAM_1024x32_wb_wrapper/runs/26_09_04_22_34/53-magic-streamout/magic-streamout.log'[/repr.filename]…
Running 'KLayout.StreamOut' at 'CF_SRAM_1024x32_wb_wrapper/runs/26_09_04_22_34/54-klayout-streamout'…
Logging subprocess to [repr.filename]'CF_SRAM_1024x32_wb_wrapper/runs/26_09_04_22_34/54-klayout-streamout/klayout-streamout.log'[/repr.filename]…
Running 'Magic.WriteLEF' at 'CF_SRAM_1024x32_wb_wrapper/runs/26_09_04_22_34/55-magic-writelef'…
Logging subprocess to [repr.filename]'CF_SRAM_1024x32_wb_wrapper/runs/26_09_04_22_34/55-magic-writelef/magic-writelef.log'[/repr.filename]…
Running 'Odb.CheckDesignAntennaProperties' at 'CF_SRAM_1024x32_wb_wrapper/runs/26_09_04_22_34/56-odb-checkdesignantennaproperties'…
Logging subprocess to [repr.filename]'CF_SRAM_1024x32_wb_wrapper/runs/26_09_04_22_34/56-odb-checkdesignantennaproperties/odb-checkdesignantennaproperties.log'[/repr.filename]…
Cell 'CF_SRAM_1024x32_wb_wrapper' has (22) input pin(s) without antenna gate information. They might not be connected to a gate.
Running 'KLayout.XOR' at 'CF_SRAM_1024x32_wb_wrapper/runs/26_09_04_22_34/57-klayout-xor'…
Running XOR with 10 threads…
Logging subprocess to [repr.filename]'CF_SRAM_1024x32_wb_wrapper/runs/26_09_04_22_34/57-klayout-xor/klayout-xor.log'[/repr.filename]…
Running 'Checker.XOR' at 'CF_SRAM_1024x32_wb_wrapper/runs/26_09_04_22_34/58-checker-xor'…
Check for XOR differences clear.
Running 'Magic.DRC' at 'CF_SRAM_1024x32_wb_wrapper/runs/26_09_04_22_34/59-magic-drc'…
Logging subprocess to [repr.filename]'CF_SRAM_1024x32_wb_wrapper/runs/26_09_04_22_34/59-magic-drc/magic-drc.log'[/repr.filename]…
Error while reading cell "CF_SRAM_1024x32_macro" (byte position 179088): Unknown layer/datatype in boundary, layer=67 type=10

Error while reading cell "CF_SRAM_1024x32_macro" (byte position 179152): Unknown layer/datatype in boundary, layer=68 type=10

Error while reading cell "CF_SRAM_1024x32_macro" (byte position 179216): Unknown layer/datatype in boundary, layer=69 type=10

Running 'KLayout.DRC' at 'CF_SRAM_1024x32_wb_wrapper/runs/26_09_04_22_34/60-klayout-drc'…
Running KLayout DRC with 10 threads…
Logging subprocess to [repr.filename]'CF_SRAM_1024x32_wb_wrapper/runs/26_09_04_22_34/60-klayout-drc/klayout-drc.log'[/repr.filename]…
Logging subprocess to [repr.filename]'CF_SRAM_1024x32_wb_wrapper/runs/26_09_04_22_34/60-klayout-drc/xml_drc_report_to_json.log'[/repr.filename]…
Running 'Checker.MagicDRC' at 'CF_SRAM_1024x32_wb_wrapper/runs/26_09_04_22_34/61-checker-magicdrc'…
138 Magic DRC errors found.
Running 'Checker.KLayoutDRC' at 'CF_SRAM_1024x32_wb_wrapper/runs/26_09_04_22_34/62-checker-klayoutdrc'…
Check for KLayout DRC errors clear.
Running 'Magic.SpiceExtraction' at 'CF_SRAM_1024x32_wb_wrapper/runs/26_09_04_22_34/63-magic-spiceextraction'…
Logging subprocess to [repr.filename]'CF_SRAM_1024x32_wb_wrapper/runs/26_09_04_22_34/63-magic-spiceextraction/magic-spiceextraction.log'[/repr.filename]…
Running 'Checker.IllegalOverlap' at 'CF_SRAM_1024x32_wb_wrapper/runs/26_09_04_22_34/64-checker-illegaloverlap'…
9469 Magic Illegal Overlap errors found.
Running 'Netgen.LVS' at 'CF_SRAM_1024x32_wb_wrapper/runs/26_09_04_22_34/65-netgen-lvs'…
Logging subprocess to [repr.filename]'CF_SRAM_1024x32_wb_wrapper/runs/26_09_04_22_34/65-netgen-lvs/netgen-lvs.log'[/repr.filename]…
Running 'Checker.LVS' at 'CF_SRAM_1024x32_wb_wrapper/runs/26_09_04_22_34/66-checker-lvs'…
Check for LVS errors clear.
Gating variable for step 'Yosys.EQY' set to 'False'- the step will be skipped.
Skipping step 'Equivalence Check'…
Running 'Checker.SetupViolations' at 'CF_SRAM_1024x32_wb_wrapper/runs/26_09_04_22_34/67-checker-setupviolations'…
No setup violations found
Running 'Checker.HoldViolations' at 'CF_SRAM_1024x32_wb_wrapper/runs/26_09_04_22_34/68-checker-holdviolations'…
No hold violations found
Running 'Checker.MaxSlewViolations' at 'CF_SRAM_1024x32_wb_wrapper/runs/26_09_04_22_34/69-checker-maxslewviolations'…
No max slew violations found
Running 'Checker.MaxCapViolations' at 'CF_SRAM_1024x32_wb_wrapper/runs/26_09_04_22_34/70-checker-maxcapviolations'…
No max cap violations found
Running 'Misc.ReportManufacturability' at 'CF_SRAM_1024x32_wb_wrapper/runs/26_09_04_22_34/71-misc-reportmanufacturability'…
Saving views to '/Users/jeffdi/Projects/chipignite-ip/caravel_user_sram/openlane/CF_SRAM_1024x32_wb_wrapper/runs/26_09_04_22_34/final'…
Flow complete.
