
===========================================================================
report_checks -unconstrained
===========================================================================
======================= max_ss_100C_1v60 Corner ===================================

Startpoint: wb_rst_i (input port clocked by clk)
Endpoint: _45_ (recovery check against rising-edge clock clk)
Path Group: asynchronous
Path Type: max

Fanout         Cap        Slew       Delay        Time   Description
---------------------------------------------------------------------------------------------
                                  0.000000    0.000000   clock clk (rise edge)
                                  5.570000    5.570000   clock network delay (propagated)
                                 12.500000   18.070000 v input external delay
     1    0.002404    0.000000    0.000000   18.070000 v wb_rst_i (in)
                                                         wb_rst_i (net)
                      0.000127    0.000068   18.070066 v input1/A (sky130_fd_sc_hd__buf_1)
     1    0.009901    0.124010    0.199089   18.269156 v input1/X (sky130_fd_sc_hd__buf_1)
                                                         net1 (net)
                      0.124012    0.000719   18.269875 v _11_/A (sky130_fd_sc_hd__inv_2)
     1    0.008637    0.080070    0.125960   18.395834 ^ _11_/Y (sky130_fd_sc_hd__inv_2)
                                                         _00_ (net)
                      0.080071    0.000531   18.396366 ^ _45_/RESET_B (sky130_fd_sc_hd__dfrtp_1)
                                             18.396366   data arrival time

                                 25.000000   25.000000   clock clk (rise edge)
                                  4.650000   29.650000   clock source latency
     1    0.057273    0.610000    0.000000   29.650000 ^ wb_clk_i (in)
                                                         wb_clk_i (net)
                      0.633517    0.011172   29.661171 ^ clkbuf_0_wb_clk_i/A (sky130_fd_sc_hd__clkbuf_16)
     2    0.068881    0.138494    0.490182   30.151352 ^ clkbuf_0_wb_clk_i/X (sky130_fd_sc_hd__clkbuf_16)
                                                         clknet_0_wb_clk_i (net)
                      0.140521    0.011589   30.162941 ^ clkbuf_1_0__f_wb_clk_i/A (sky130_fd_sc_hd__clkbuf_16)
     2    0.054999    0.113990    0.283116   30.446056 ^ clkbuf_1_0__f_wb_clk_i/X (sky130_fd_sc_hd__clkbuf_16)
                                                         clknet_1_0__leaf_wb_clk_i (net)
                      0.114096    0.002867   30.448925 ^ _45_/CLK (sky130_fd_sc_hd__dfrtp_1)
                                 -0.100000   30.348927   clock uncertainty
                                  0.000000   30.348927   clock reconvergence pessimism
                                  0.473544   30.822472   library recovery time
                                             30.822472   data required time
---------------------------------------------------------------------------------------------
                                             30.822472   data required time
                                            -18.396366   data arrival time
---------------------------------------------------------------------------------------------
                                             12.426105   slack (MET)


Startpoint: wbs_we_i (input port clocked by clk)
Endpoint: wbs_dat_o[15] (output port clocked by clk)
Path Group: clk
Path Type: max

Fanout         Cap        Slew       Delay        Time   Description
---------------------------------------------------------------------------------------------
                                  0.000000    0.000000   clock clk (rise edge)
                                  5.570000    5.570000   clock network delay (propagated)
                                  3.740000    9.310000 v input external delay
     1    0.003813    0.140000    0.000000    9.310000 v wbs_we_i (in)
                                                         wbs_we_i (net)
                      0.140186    0.000098    9.310098 v input50/A (sky130_fd_sc_hd__buf_2)
     5    0.057008    0.259217    0.466067    9.776165 v input50/X (sky130_fd_sc_hd__buf_2)
                                                         net50 (net)
                      0.259389    0.006508    9.782673 v fanout85/A (sky130_fd_sc_hd__buf_4)
    15    0.075114    0.187476    0.479362   10.262035 v fanout85/X (sky130_fd_sc_hd__buf_4)
                                                         net85 (net)
                      0.187485    0.002102   10.264137 v fanout84/A (sky130_fd_sc_hd__clkbuf_2)
    15    0.036311    0.255052    0.420560   10.684697 v fanout84/X (sky130_fd_sc_hd__clkbuf_2)
                                                         net84 (net)
                      0.255052    0.001002   10.685699 v _22_/A_N (sky130_fd_sc_hd__and4b_2)
     1    0.033267    0.323392    0.920562   11.606261 ^ _22_/X (sky130_fd_sc_hd__and4b_2)
                                                         net58 (net)
                      0.323487    0.005578   11.611839 ^ output58/A (sky130_fd_sc_hd__buf_12)
     1    0.191801    0.345149    0.508956   12.120795 ^ output58/X (sky130_fd_sc_hd__buf_12)
                                                         wbs_dat_o[15] (net)
                      0.345629    0.009824   12.130619 ^ wbs_dat_o[15] (out)
                                             12.130619   data arrival time

                                 25.000000   25.000000   clock clk (rise edge)
                                  4.650000   29.650000   clock network delay (propagated)
                                 -0.100000   29.549999   clock uncertainty
                                  0.000000   29.549999   clock reconvergence pessimism
                                 -3.620000   25.929998   output external delay
                                             25.929998   data required time
---------------------------------------------------------------------------------------------
                                             25.929998   data required time
                                            -12.130619   data arrival time
---------------------------------------------------------------------------------------------
                                             13.799379   slack (MET)




===========================================================================
report_checks --slack_max -0.01
============================================================================
======================= max_ss_100C_1v60 Corner ===================================

No paths found.


===========================================================================
 report_check_types -max_slew -max_cap -max_fanout -violators
============================================================================
======================= max_ss_100C_1v60 Corner ===================================



===========================================================================
report_parasitic_annotation -report_unannotated
============================================================================
Found 33 unannotated drivers.
 wbs_adr_i[0]
 wbs_adr_i[12]
 wbs_adr_i[13]
 wbs_adr_i[14]
 wbs_adr_i[15]
 wbs_adr_i[16]
 wbs_adr_i[17]
 wbs_adr_i[18]
 wbs_adr_i[19]
 wbs_adr_i[1]
 wbs_adr_i[20]
 wbs_adr_i[21]
 wbs_adr_i[22]
 wbs_adr_i[23]
 wbs_adr_i[24]
 wbs_adr_i[25]
 wbs_adr_i[26]
 wbs_adr_i[27]
 wbs_adr_i[28]
 wbs_adr_i[29]
 wbs_adr_i[30]
 wbs_adr_i[31]
 clkload0/Y
 i_sram/ScanOutCC
 i_sram_90/HI
 i_sram_91/HI
 i_sram_92/HI
 i_sram_93/HI
 i_sram_94/HI
 i_sram_95/HI
 i_sram_96/HI
 i_sram_97/LO
 i_sram_98/LO
Found 0 partially unannotated drivers.

===========================================================================
max slew violation count 0
max fanout violation count 0
max cap violation count 0
============================================================================

===========================================================================
check_setup -verbose -unconstrained_endpoints -multiple_clock -no_clock -no_input_delay -loops -generated_clocks
===========================================================================
Warning: There are 5 unconstrained endpoints.
  i_sram/SM
  i_sram/ScanInCC
  i_sram/ScanInDL
  i_sram/ScanInDR
  i_sram/TM
