Clock: clk
Sources: wb_clk_i 
Generated: no
Virtual: yes
Propagated: no
Period: 25.000000

===========================================================================
report_clock_properties
============================================================================
Clock                   Period          Waveform
----------------------------------------------------
clk                  25.000000    0.000000 12.500000

===========================================================================
report_clock_latency
============================================================================
Clock clk
rise -> rise
    min     max
4.650000 5.570000 source latency
5.448926         network latency _45_/CLK
        6.542893 network latency i_sram/CLKin
---------------
10.098927 12.112893 latency
        2.013967 skew

fall -> fall
    min     max
4.650000 5.570000 source latency
5.508334         network latency _45_/CLK
        6.587211 network latency i_sram/CLKin
---------------
10.158333 12.157210 latency
        1.998878 skew



===========================================================================
report_clock_min_period
============================================================================
clk period_min = 0.00 fmax = inf
