
===========================================================================
 report_power
============================================================================
======================= max_ss_100C_1v60 Corner ===================================

Group                    Internal    Switching      Leakage        Total
                            Power        Power        Power        Power (Watts)
------------------------------------------------------------------------
Sequential           1.304932e-06 9.212651e-08 1.881796e-08 1.415876e-06   0.1%
Combinational        1.734779e-05 2.996643e-05 1.953907e-06 4.926814e-05   3.1%
Clock                1.949248e-05 2.671968e-05 7.629163e-08 4.628845e-05   2.9%
Macro                1.485566e-03 0.000000e+00 4.161120e-08 1.485608e-03  93.9%
Pad                  0.000000e+00 0.000000e+00 0.000000e+00 0.000000e+00   0.0%
------------------------------------------------------------------------
Total                1.523712e-03 5.677823e-05 2.090626e-06 1.582581e-03 100.0%
                            96.3%         3.6%         0.1%

