
===========================================================================
 report_power
============================================================================
======================= min_ff_n40C_1v95 Corner ===================================

Group                    Internal    Switching      Leakage        Total
                            Power        Power        Power        Power (Watts)
------------------------------------------------------------------------
Sequential           1.978461e-06 1.277054e-07 1.535706e-11 2.106182e-06   1.5%
Combinational        3.253004e-05 5.715654e-05 6.984290e-09 8.969357e-05  64.9%
Clock                2.729384e-05 1.905274e-05 1.454107e-09 4.634803e-05  33.5%
Macro                0.000000e+00 0.000000e+00 0.000000e+00 0.000000e+00   0.0%
Pad                  0.000000e+00 0.000000e+00 0.000000e+00 0.000000e+00   0.0%
------------------------------------------------------------------------
Total                6.180232e-05 7.633700e-05 8.453745e-09 1.381478e-04 100.0%
                            44.7%        55.3%         0.0%

