Clock: clk
Sources: wb_clk_i 
Generated: no
Virtual: yes
Propagated: no
Period: 25.000000

===========================================================================
report_clock_properties
============================================================================
Clock                   Period          Waveform
----------------------------------------------------
clk                  25.000000    0.000000 12.500000

===========================================================================
report_clock_latency
============================================================================
Clock clk
rise -> rise
    min     max
4.650000 5.570000 source latency
4.971106         network latency mprj/_45_/CLK
        5.891106 network latency mprj/_45_/CLK
---------------
9.621106 11.461106 latency
        1.840000 skew

fall -> fall
    min     max
4.650000 5.570000 source latency
5.130387         network latency mprj/_45_/CLK
        6.050387 network latency mprj/_45_/CLK
---------------
9.780387 11.620387 latency
        1.840000 skew



===========================================================================
report_clock_min_period
============================================================================
clk period_min = 0.00 fmax = inf
