
===========================================================================
 report_power
============================================================================
======================= max_ff_n40C_1v95 Corner ===================================

Group                    Internal    Switching      Leakage        Total
                            Power        Power        Power        Power (Watts)
------------------------------------------------------------------------
Sequential           1.978381e-06 1.389773e-07 1.535706e-11 2.117374e-06   1.4%
Combinational        3.257927e-05 6.284541e-05 6.984290e-09 9.543166e-05  65.3%
Clock                2.735445e-05 2.131899e-05 1.454107e-09 4.867490e-05  33.3%
Macro                0.000000e+00 0.000000e+00 0.000000e+00 0.000000e+00   0.0%
Pad                  0.000000e+00 0.000000e+00 0.000000e+00 0.000000e+00   0.0%
------------------------------------------------------------------------
Total                6.191210e-05 8.430336e-05 8.453745e-09 1.462239e-04 100.0%
                            42.3%        57.7%         0.0%

