Clock: clk
Sources: wb_clk_i 
Generated: no
Virtual: yes
Propagated: no
Period: 25.000000

===========================================================================
report_clock_properties
============================================================================
Clock                   Period          Waveform
----------------------------------------------------
clk                  25.000000    0.000000 12.500000

===========================================================================
report_clock_latency
============================================================================
Clock clk
rise -> rise
    min     max
4.650000 5.570000 source latency
4.947545         network latency _45_/CLK
        5.942493 network latency i_sram/CLKin
---------------
9.597545 11.512493 latency
        1.914949 skew

fall -> fall
    min     max
4.650000 5.570000 source latency
5.095526         network latency _45_/CLK
        6.092728 network latency i_sram/CLKin
---------------
9.745525 11.662728 latency
        1.917202 skew



===========================================================================
report_clock_min_period
============================================================================
clk period_min = 0.00 fmax = inf
