Clock: clk
Sources: wb_clk_i 
Generated: no
Virtual: yes
Propagated: no
Period: 25.000000

===========================================================================
report_clock_properties
============================================================================
Clock                   Period          Waveform
----------------------------------------------------
clk                  25.000000    0.000000 12.500000

===========================================================================
report_clock_latency
============================================================================
Clock clk
rise -> rise
    min     max
4.650000 5.570000 source latency
5.143463         network latency mprj/_45_/CLK
        6.063463 network latency mprj/_45_/CLK
---------------
9.793463 11.633464 latency
        1.840000 skew

fall -> fall
    min     max
4.650000 5.570000 source latency
5.261212         network latency mprj/_45_/CLK
        6.181212 network latency mprj/_45_/CLK
---------------
9.911212 11.751212 latency
        1.840000 skew



===========================================================================
report_clock_min_period
============================================================================
clk period_min = 0.00 fmax = inf
