
===========================================================================
 report_power
============================================================================
======================= min_ss_100C_1v60 Corner ===================================

Group                    Internal    Switching      Leakage        Total
                            Power        Power        Power        Power (Watts)
------------------------------------------------------------------------
Sequential           1.305383e-06 8.453787e-08 1.881796e-08 1.408739e-06   1.5%
Combinational        2.216476e-05 3.825388e-05 1.965918e-06 6.238456e-05  65.2%
Clock                1.898907e-05 1.286498e-05 7.637962e-08 3.193043e-05  33.4%
Macro                0.000000e+00 0.000000e+00 0.000000e+00 0.000000e+00   0.0%
Pad                  0.000000e+00 0.000000e+00 0.000000e+00 0.000000e+00   0.0%
------------------------------------------------------------------------
Total                4.245922e-05 5.120340e-05 2.061116e-06 9.572374e-05 100.0%
                            44.4%        53.5%         2.2%

