
===========================================================================
 report_power
============================================================================
======================= max_ss_100C_1v60 Corner ===================================

Group                    Internal    Switching      Leakage        Total
                            Power        Power        Power        Power (Watts)
------------------------------------------------------------------------
Sequential           1.304974e-06 9.212651e-08 1.881796e-08 1.415918e-06   1.4%
Combinational        2.219591e-05 4.208384e-05 1.965918e-06 6.624567e-05  65.5%
Clock                1.902691e-05 1.439071e-05 7.637962e-08 3.349400e-05  33.1%
Macro                0.000000e+00 0.000000e+00 0.000000e+00 0.000000e+00   0.0%
Pad                  0.000000e+00 0.000000e+00 0.000000e+00 0.000000e+00   0.0%
------------------------------------------------------------------------
Total                4.252779e-05 5.656670e-05 2.061116e-06 1.011556e-04 100.0%
                            42.0%        55.9%         2.0%

