
===========================================================================
report_checks -unconstrained
===========================================================================
======================= nom_tt_025C_1v80 Corner ===================================

Startpoint: wb_rst_i (input port clocked by clk)
Endpoint: _45_ (recovery check against rising-edge clock clk)
Path Group: asynchronous
Path Type: max

Fanout         Cap        Slew       Delay        Time   Description
---------------------------------------------------------------------------------------------
                                  0.000000    0.000000   clock clk (rise edge)
                                  5.570000    5.570000   clock network delay (propagated)
                                 12.500000   18.070000 v input external delay
     1    0.002384    0.000000    0.000000   18.070000 v wb_rst_i (in)
                                                         wb_rst_i (net)
                      0.000052    0.000027   18.070026 v input1/A (sky130_fd_sc_hd__buf_1)
     1    0.009498    0.061746    0.104276   18.174301 v input1/X (sky130_fd_sc_hd__buf_1)
                                                         net1 (net)
                      0.061747    0.000403   18.174706 v _11_/A (sky130_fd_sc_hd__inv_2)
     1    0.008644    0.047580    0.069447   18.244152 ^ _11_/Y (sky130_fd_sc_hd__inv_2)
                                                         _00_ (net)
                      0.047581    0.000353   18.244505 ^ _45_/RESET_B (sky130_fd_sc_hd__dfrtp_1)
                                             18.244505   data arrival time

                                 25.000000   25.000000   clock clk (rise edge)
                                  4.650000   29.650000   clock source latency
     1    0.053413    0.610000    0.000000   29.650000 ^ wb_clk_i (in)
                                                         wb_clk_i (net)
                      0.627638    0.008379   29.658379 ^ clkbuf_0_wb_clk_i/A (sky130_fd_sc_hd__clkbuf_16)
     2    0.064406    0.091968    0.282896   29.941273 ^ clkbuf_0_wb_clk_i/X (sky130_fd_sc_hd__clkbuf_16)
                                                         clknet_0_wb_clk_i (net)
                      0.093210    0.007912   29.949184 ^ clkbuf_1_0__f_wb_clk_i/A (sky130_fd_sc_hd__clkbuf_16)
     2    0.053847    0.072325    0.161041   30.110226 ^ clkbuf_1_0__f_wb_clk_i/X (sky130_fd_sc_hd__clkbuf_16)
                                                         clknet_1_0__leaf_wb_clk_i (net)
                      0.072358    0.001339   30.111567 ^ _45_/CLK (sky130_fd_sc_hd__dfrtp_1)
                                 -0.100000   30.011568   clock uncertainty
                                  0.000000   30.011568   clock reconvergence pessimism
                                  0.238054   30.249620   library recovery time
                                             30.249620   data required time
---------------------------------------------------------------------------------------------
                                             30.249620   data required time
                                            -18.244505   data arrival time
---------------------------------------------------------------------------------------------
                                             12.005116   slack (MET)


Startpoint: wbs_we_i (input port clocked by clk)
Endpoint: wbs_dat_o[10] (output port clocked by clk)
Path Group: clk
Path Type: max

Fanout         Cap        Slew       Delay        Time   Description
---------------------------------------------------------------------------------------------
                                  0.000000    0.000000   clock clk (rise edge)
                                  5.570000    5.570000   clock network delay (propagated)
                                  3.740000    9.310000 v input external delay
     1    0.003695    0.140000    0.000000    9.310000 v wbs_we_i (in)
                                                         wbs_we_i (net)
                      0.140118    0.000062    9.310062 v input50/A (sky130_fd_sc_hd__buf_2)
     5    0.054515    0.131106    0.265731    9.575794 v input50/X (sky130_fd_sc_hd__buf_2)
                                                         net50 (net)
                      0.131267    0.003139    9.578933 v fanout85/A (sky130_fd_sc_hd__buf_4)
    15    0.072954    0.099439    0.253650    9.832583 v fanout85/X (sky130_fd_sc_hd__buf_4)
                                                         net85 (net)
                      0.099449    0.000876    9.833459 v fanout84/A (sky130_fd_sc_hd__clkbuf_2)
    15    0.035718    0.137014    0.226844   10.060303 v fanout84/X (sky130_fd_sc_hd__clkbuf_2)
                                                         net84 (net)
                      0.137021    0.001155   10.061458 v _17_/A_N (sky130_fd_sc_hd__and4b_1)
     1    0.024092    0.244471    0.449226   10.510683 ^ _17_/X (sky130_fd_sc_hd__and4b_1)
                                                         net53 (net)
                      0.244483    0.002097   10.512780 ^ output53/A (sky130_fd_sc_hd__buf_12)
     1    0.191387    0.219579    0.294619   10.807400 ^ output53/X (sky130_fd_sc_hd__buf_12)
                                                         wbs_dat_o[10] (net)
                      0.219757    0.004298   10.811698 ^ wbs_dat_o[10] (out)
                                             10.811698   data arrival time

                                 25.000000   25.000000   clock clk (rise edge)
                                  4.650000   29.650000   clock network delay (propagated)
                                 -0.100000   29.549999   clock uncertainty
                                  0.000000   29.549999   clock reconvergence pessimism
                                 -3.620000   25.929998   output external delay
                                             25.929998   data required time
---------------------------------------------------------------------------------------------
                                             25.929998   data required time
                                            -10.811698   data arrival time
---------------------------------------------------------------------------------------------
                                             15.118299   slack (MET)




===========================================================================
report_checks --slack_max -0.01
============================================================================
======================= nom_tt_025C_1v80 Corner ===================================

No paths found.


===========================================================================
 report_check_types -max_slew -max_cap -max_fanout -violators
============================================================================
======================= nom_tt_025C_1v80 Corner ===================================



===========================================================================
report_parasitic_annotation -report_unannotated
============================================================================
Found 33 unannotated drivers.
 wbs_adr_i[0]
 wbs_adr_i[12]
 wbs_adr_i[13]
 wbs_adr_i[14]
 wbs_adr_i[15]
 wbs_adr_i[16]
 wbs_adr_i[17]
 wbs_adr_i[18]
 wbs_adr_i[19]
 wbs_adr_i[1]
 wbs_adr_i[20]
 wbs_adr_i[21]
 wbs_adr_i[22]
 wbs_adr_i[23]
 wbs_adr_i[24]
 wbs_adr_i[25]
 wbs_adr_i[26]
 wbs_adr_i[27]
 wbs_adr_i[28]
 wbs_adr_i[29]
 wbs_adr_i[30]
 wbs_adr_i[31]
 clkload0/Y
 i_sram/ScanOutCC
 i_sram_90/HI
 i_sram_91/HI
 i_sram_92/HI
 i_sram_93/HI
 i_sram_94/HI
 i_sram_95/HI
 i_sram_96/HI
 i_sram_97/LO
 i_sram_98/LO
Found 0 partially unannotated drivers.

===========================================================================
max slew violation count 0
max fanout violation count 0
max cap violation count 0
============================================================================

===========================================================================
check_setup -verbose -unconstrained_endpoints -multiple_clock -no_clock -no_input_delay -loops -generated_clocks
===========================================================================
Warning: There are 5 unconstrained endpoints.
  i_sram/SM
  i_sram/ScanInCC
  i_sram/ScanInDL
  i_sram/ScanInDR
  i_sram/TM
