Clock: clk
Sources: wb_clk_i 
Generated: no
Virtual: yes
Propagated: no
Period: 25.000000

===========================================================================
report_clock_properties
============================================================================
Clock                   Period          Waveform
----------------------------------------------------
clk                  25.000000    0.000000 12.500000

===========================================================================
report_clock_latency
============================================================================
Clock clk
rise -> rise
    min     max
4.650000 5.570000 source latency
5.111565         network latency _45_/CLK
        6.139434 network latency i_sram/CLKin
---------------
9.761565 11.709435 latency
        1.947869 skew

fall -> fall
    min     max
4.650000 5.570000 source latency
5.221566         network latency _45_/CLK
        6.246408 network latency i_sram/CLKin
---------------
9.871565 11.816408 latency
        1.944843 skew



===========================================================================
report_clock_min_period
============================================================================
clk period_min = 0.00 fmax = inf
