
===========================================================================
 report_power
============================================================================
======================= nom_tt_025C_1v80 Corner ===================================

Group                    Internal    Switching      Leakage        Total
                            Power        Power        Power        Power (Watts)
------------------------------------------------------------------------
Sequential           1.701522e-06 1.140620e-07 1.288808e-11 1.815597e-06   0.1%
Combinational        2.183331e-05 3.615050e-05 1.374600e-09 5.798518e-05   3.6%
Clock                2.385763e-05 3.284946e-05 1.059584e-09 5.670815e-05   3.5%
Macro                1.485566e-03 0.000000e+00 4.161120e-08 1.485608e-03  92.7%
Pad                  0.000000e+00 0.000000e+00 0.000000e+00 0.000000e+00   0.0%
------------------------------------------------------------------------
Total                1.532958e-03 6.911402e-05 4.405819e-08 1.602116e-03 100.0%
                            95.7%         4.3%         0.0%

