
===========================================================================
report_checks -unconstrained
===========================================================================
======================= nom_ff_n40C_1v95 Corner ===================================

Startpoint: wb_rst_i (input port clocked by clk)
Endpoint: _45_ (recovery check against rising-edge clock clk)
Path Group: asynchronous
Path Type: max

Fanout         Cap        Slew       Delay        Time   Description
---------------------------------------------------------------------------------------------
                                  0.000000    0.000000   clock clk (rise edge)
                                  5.570000    5.570000   clock network delay (propagated)
                                 12.500000   18.070000 v input external delay
     1    0.002439    0.000000    0.000000   18.070000 v wb_rst_i (in)
                                                         wb_rst_i (net)
                      0.000053    0.000028   18.070028 v input1/A (sky130_fd_sc_hd__buf_1)
     1    0.009507    0.041932    0.069283   18.139311 v input1/X (sky130_fd_sc_hd__buf_1)
                                                         net1 (net)
                      0.041935    0.000403   18.139715 v _11_/A (sky130_fd_sc_hd__inv_2)
     1    0.008633    0.035599    0.048329   18.188044 ^ _11_/Y (sky130_fd_sc_hd__inv_2)
                                                         _00_ (net)
                      0.035603    0.000352   18.188395 ^ _45_/RESET_B (sky130_fd_sc_hd__dfrtp_1)
                                             18.188395   data arrival time

                                 25.000000   25.000000   clock clk (rise edge)
                                  4.650000   29.650000   clock source latency
     1    0.053482    0.610000    0.000000   29.650000 ^ wb_clk_i (in)
                                                         wb_clk_i (net)
                      0.627671    0.008393   29.658392 ^ clkbuf_0_wb_clk_i/A (sky130_fd_sc_hd__clkbuf_16)
     2    0.064544    0.074545    0.159002   29.817394 ^ clkbuf_0_wb_clk_i/X (sky130_fd_sc_hd__clkbuf_16)
                                                         clknet_0_wb_clk_i (net)
                      0.076113    0.007912   29.825306 ^ clkbuf_1_0__f_wb_clk_i/A (sky130_fd_sc_hd__clkbuf_16)
     2    0.053680    0.055056    0.110880   29.936186 ^ clkbuf_1_0__f_wb_clk_i/X (sky130_fd_sc_hd__clkbuf_16)
                                                         clknet_1_0__leaf_wb_clk_i (net)
                      0.055103    0.001343   29.937529 ^ _45_/CLK (sky130_fd_sc_hd__dfrtp_1)
                                 -0.100000   29.837530   clock uncertainty
                                  0.000000   29.837530   clock reconvergence pessimism
                                  0.146407   29.983938   library recovery time
                                             29.983938   data required time
---------------------------------------------------------------------------------------------
                                             29.983938   data required time
                                            -18.188395   data arrival time
---------------------------------------------------------------------------------------------
                                             11.795543   slack (MET)


Startpoint: wbs_we_i (input port clocked by clk)
Endpoint: wbs_dat_o[10] (output port clocked by clk)
Path Group: clk
Path Type: max

Fanout         Cap        Slew       Delay        Time   Description
---------------------------------------------------------------------------------------------
                                  0.000000    0.000000   clock clk (rise edge)
                                  5.570000    5.570000   clock network delay (propagated)
                                  3.740000    9.310000 v input external delay
     1    0.003767    0.140000    0.000000    9.310000 v wbs_we_i (in)
                                                         wbs_we_i (net)
                      0.140120    0.000063    9.310063 v input50/A (sky130_fd_sc_hd__buf_2)
     5    0.054952    0.093189    0.191026    9.501089 v input50/X (sky130_fd_sc_hd__buf_2)
                                                         net50 (net)
                      0.093327    0.003160    9.504250 v fanout85/A (sky130_fd_sc_hd__buf_4)
    15    0.074330    0.072724    0.171177    9.675426 v fanout85/X (sky130_fd_sc_hd__buf_4)
                                                         net85 (net)
                      0.072737    0.000891    9.676317 v fanout84/A (sky130_fd_sc_hd__clkbuf_2)
    15    0.037235    0.099271    0.156859    9.833177 v fanout84/X (sky130_fd_sc_hd__clkbuf_2)
                                                         net84 (net)
                      0.099284    0.001203    9.834380 v _17_/A_N (sky130_fd_sc_hd__and4b_1)
     1    0.024140    0.185353    0.294471   10.128851 ^ _17_/X (sky130_fd_sc_hd__and4b_1)
                                                         net53 (net)
                      0.185444    0.002102   10.130953 ^ output53/A (sky130_fd_sc_hd__buf_12)
     1    0.191387    0.167323    0.190782   10.321734 ^ output53/X (sky130_fd_sc_hd__buf_12)
                                                         wbs_dat_o[10] (net)
                      0.167470    0.004295   10.326030 ^ wbs_dat_o[10] (out)
                                             10.326030   data arrival time

                                 25.000000   25.000000   clock clk (rise edge)
                                  4.650000   29.650000   clock network delay (propagated)
                                 -0.100000   29.549999   clock uncertainty
                                  0.000000   29.549999   clock reconvergence pessimism
                                 -3.620000   25.929998   output external delay
                                             25.929998   data required time
---------------------------------------------------------------------------------------------
                                             25.929998   data required time
                                            -10.326030   data arrival time
---------------------------------------------------------------------------------------------
                                             15.603969   slack (MET)




===========================================================================
report_checks --slack_max -0.01
============================================================================
======================= nom_ff_n40C_1v95 Corner ===================================

No paths found.


===========================================================================
 report_check_types -max_slew -max_cap -max_fanout -violators
============================================================================
======================= nom_ff_n40C_1v95 Corner ===================================



===========================================================================
report_parasitic_annotation -report_unannotated
============================================================================
Found 33 unannotated drivers.
 wbs_adr_i[0]
 wbs_adr_i[12]
 wbs_adr_i[13]
 wbs_adr_i[14]
 wbs_adr_i[15]
 wbs_adr_i[16]
 wbs_adr_i[17]
 wbs_adr_i[18]
 wbs_adr_i[19]
 wbs_adr_i[1]
 wbs_adr_i[20]
 wbs_adr_i[21]
 wbs_adr_i[22]
 wbs_adr_i[23]
 wbs_adr_i[24]
 wbs_adr_i[25]
 wbs_adr_i[26]
 wbs_adr_i[27]
 wbs_adr_i[28]
 wbs_adr_i[29]
 wbs_adr_i[30]
 wbs_adr_i[31]
 clkload0/Y
 i_sram/ScanOutCC
 i_sram_90/HI
 i_sram_91/HI
 i_sram_92/HI
 i_sram_93/HI
 i_sram_94/HI
 i_sram_95/HI
 i_sram_96/HI
 i_sram_97/LO
 i_sram_98/LO
Found 0 partially unannotated drivers.

===========================================================================
max slew violation count 0
max fanout violation count 0
max cap violation count 0
============================================================================

===========================================================================
check_setup -verbose -unconstrained_endpoints -multiple_clock -no_clock -no_input_delay -loops -generated_clocks
===========================================================================
Warning: There are 5 unconstrained endpoints.
  i_sram/SM
  i_sram/ScanInCC
  i_sram/ScanInDL
  i_sram/ScanInDR
  i_sram/TM
