
===========================================================================
 report_power
============================================================================
======================= nom_ff_n40C_1v95 Corner ===================================

Group                    Internal    Switching      Leakage        Total
                            Power        Power        Power        Power (Watts)
------------------------------------------------------------------------
Sequential           1.979115e-06 1.342295e-07 1.535706e-11 2.113361e-06   0.1%
Combinational        2.584738e-05 4.258685e-05 7.096235e-09 6.844132e-05   4.2%
Clock                2.793067e-05 3.854808e-05 1.453947e-09 6.648021e-05   4.1%
Macro                1.485566e-03 0.000000e+00 4.161120e-08 1.485608e-03  91.6%
Pad                  0.000000e+00 0.000000e+00 0.000000e+00 0.000000e+00   0.0%
------------------------------------------------------------------------
Total                1.541323e-03 8.126914e-05 5.017670e-08 1.622643e-03 100.0%
                            95.0%         5.0%         0.0%

