
===========================================================================
 report_power
============================================================================
======================= max_tt_025C_1v80 Corner ===================================

Group                    Internal    Switching      Leakage        Total
                            Power        Power        Power        Power (Watts)
------------------------------------------------------------------------
Sequential           1.701065e-06 1.181074e-07 1.288808e-11 1.819186e-06   1.5%
Combinational        2.776995e-05 5.340725e-05 1.373024e-09 8.117856e-05  65.2%
Clock                2.327456e-05 1.816905e-05 1.059841e-09 4.144467e-05  33.3%
Macro                0.000000e+00 0.000000e+00 0.000000e+00 0.000000e+00   0.0%
Pad                  0.000000e+00 0.000000e+00 0.000000e+00 0.000000e+00   0.0%
------------------------------------------------------------------------
Total                5.274556e-05 7.169443e-05 2.445748e-09 1.244424e-04 100.0%
                            42.4%        57.6%         0.0%

