
===========================================================================
report_checks -unconstrained
===========================================================================
======================= min_tt_025C_1v80 Corner ===================================

Startpoint: wb_rst_i (input port clocked by clk)
Endpoint: _45_ (recovery check against rising-edge clock clk)
Path Group: asynchronous
Path Type: max

Fanout         Cap        Slew       Delay        Time   Description
---------------------------------------------------------------------------------------------
                                  0.000000    0.000000   clock clk (rise edge)
                                  5.570000    5.570000   clock network delay (propagated)
                                 12.500000   18.070000 v input external delay
     1    0.002353    0.000000    0.000000   18.070000 v wb_rst_i (in)
                                                         wb_rst_i (net)
                      0.000019    0.000011   18.070009 v input1/A (sky130_fd_sc_hd__buf_1)
     1    0.008880    0.058300    0.101615   18.171625 v input1/X (sky130_fd_sc_hd__buf_1)
                                                         net1 (net)
                      0.058300    0.000226   18.171850 v _11_/A (sky130_fd_sc_hd__inv_2)
     1    0.008080    0.044733    0.066137   18.237988 ^ _11_/Y (sky130_fd_sc_hd__inv_2)
                                                         _00_ (net)
                      0.044733    0.000206   18.238194 ^ _45_/RESET_B (sky130_fd_sc_hd__dfrtp_1)
                                             18.238194   data arrival time

                                 25.000000   25.000000   clock clk (rise edge)
                                  4.650000   29.650000   clock source latency
     1    0.049821    0.610000    0.000000   29.650000 ^ wb_clk_i (in)
                                                         wb_clk_i (net)
                      0.623578    0.006450   29.656448 ^ clkbuf_0_wb_clk_i/A (sky130_fd_sc_hd__clkbuf_16)
     2    0.059277    0.087180    0.279378   29.935827 ^ clkbuf_0_wb_clk_i/X (sky130_fd_sc_hd__clkbuf_16)
                                                         clknet_0_wb_clk_i (net)
                      0.087980    0.005542   29.941370 ^ clkbuf_1_0__f_wb_clk_i/A (sky130_fd_sc_hd__clkbuf_16)
     2    0.052434    0.071045    0.158565   30.099934 ^ clkbuf_1_0__f_wb_clk_i/X (sky130_fd_sc_hd__clkbuf_16)
                                                         clknet_1_0__leaf_wb_clk_i (net)
                      0.071051    0.000639   30.100574 ^ _45_/CLK (sky130_fd_sc_hd__dfrtp_1)
                                 -0.100000   30.000576   clock uncertainty
                                  0.000000   30.000576   clock reconvergence pessimism
                                  0.238388   30.238962   library recovery time
                                             30.238962   data required time
---------------------------------------------------------------------------------------------
                                             30.238962   data required time
                                            -18.238194   data arrival time
---------------------------------------------------------------------------------------------
                                             12.000769   slack (MET)


Startpoint: wbs_we_i (input port clocked by clk)
Endpoint: wbs_dat_o[10] (output port clocked by clk)
Path Group: clk
Path Type: max

Fanout         Cap        Slew       Delay        Time   Description
---------------------------------------------------------------------------------------------
                                  0.000000    0.000000   clock clk (rise edge)
                                  5.570000    5.570000   clock network delay (propagated)
                                  3.740000    9.310000 v input external delay
     1    0.003483    0.140000    0.000000    9.310000 v wbs_we_i (in)
                                                         wbs_we_i (net)
                      0.140060    0.000032    9.310032 v input50/A (sky130_fd_sc_hd__buf_2)
     5    0.049290    0.119421    0.258502    9.568534 v input50/X (sky130_fd_sc_hd__buf_2)
                                                         net50 (net)
                      0.119439    0.001664    9.570197 v fanout85/A (sky130_fd_sc_hd__buf_4)
    15    0.067899    0.093606    0.245150    9.815347 v fanout85/X (sky130_fd_sc_hd__buf_4)
                                                         net85 (net)
                      0.093606    0.000201    9.815548 v fanout84/A (sky130_fd_sc_hd__clkbuf_2)
    15    0.034159    0.131190    0.220211   10.035759 v fanout84/X (sky130_fd_sc_hd__clkbuf_2)
                                                         net84 (net)
                      0.131190    0.000525   10.036284 v _17_/A_N (sky130_fd_sc_hd__and4b_1)
     1    0.022361    0.229387    0.434918   10.471202 ^ _17_/X (sky130_fd_sc_hd__and4b_1)
                                                         net53 (net)
                      0.229389    0.001167   10.472369 ^ output53/A (sky130_fd_sc_hd__buf_12)
     1    0.191246    0.220003    0.294242   10.766611 ^ output53/X (sky130_fd_sc_hd__buf_12)
                                                         wbs_dat_o[10] (net)
                      0.220017    0.002011   10.768621 ^ wbs_dat_o[10] (out)
                                             10.768621   data arrival time

                                 25.000000   25.000000   clock clk (rise edge)
                                  4.650000   29.650000   clock network delay (propagated)
                                 -0.100000   29.549999   clock uncertainty
                                  0.000000   29.549999   clock reconvergence pessimism
                                 -3.620000   25.929998   output external delay
                                             25.929998   data required time
---------------------------------------------------------------------------------------------
                                             25.929998   data required time
                                            -10.768621   data arrival time
---------------------------------------------------------------------------------------------
                                             15.161377   slack (MET)




===========================================================================
report_checks --slack_max -0.01
============================================================================
======================= min_tt_025C_1v80 Corner ===================================

No paths found.


===========================================================================
 report_check_types -max_slew -max_cap -max_fanout -violators
============================================================================
======================= min_tt_025C_1v80 Corner ===================================



===========================================================================
report_parasitic_annotation -report_unannotated
============================================================================
Found 33 unannotated drivers.
 wbs_adr_i[0]
 wbs_adr_i[12]
 wbs_adr_i[13]
 wbs_adr_i[14]
 wbs_adr_i[15]
 wbs_adr_i[16]
 wbs_adr_i[17]
 wbs_adr_i[18]
 wbs_adr_i[19]
 wbs_adr_i[1]
 wbs_adr_i[20]
 wbs_adr_i[21]
 wbs_adr_i[22]
 wbs_adr_i[23]
 wbs_adr_i[24]
 wbs_adr_i[25]
 wbs_adr_i[26]
 wbs_adr_i[27]
 wbs_adr_i[28]
 wbs_adr_i[29]
 wbs_adr_i[30]
 wbs_adr_i[31]
 clkload0/Y
 i_sram/ScanOutCC
 i_sram_90/HI
 i_sram_91/HI
 i_sram_92/HI
 i_sram_93/HI
 i_sram_94/HI
 i_sram_95/HI
 i_sram_96/HI
 i_sram_97/LO
 i_sram_98/LO
Found 0 partially unannotated drivers.

===========================================================================
max slew violation count 0
max fanout violation count 0
max cap violation count 0
============================================================================

===========================================================================
check_setup -verbose -unconstrained_endpoints -multiple_clock -no_clock -no_input_delay -loops -generated_clocks
===========================================================================
Warning: There are 5 unconstrained endpoints.
  i_sram/SM
  i_sram/ScanInCC
  i_sram/ScanInDL
  i_sram/ScanInDR
  i_sram/TM
