Clock: clk
Sources: wb_clk_i 
Generated: no
Virtual: yes
Propagated: no
Period: 25.000000

===========================================================================
report_clock_properties
============================================================================
Clock                   Period          Waveform
----------------------------------------------------
clk                  25.000000    0.000000 12.500000

===========================================================================
report_clock_latency
============================================================================
Clock clk
rise -> rise
    min     max
4.650000 5.570000 source latency
5.100574         network latency _45_/CLK
        6.128341 network latency i_sram/CLKin
---------------
9.750574 11.698341 latency
        1.947767 skew

fall -> fall
    min     max
4.650000 5.570000 source latency
5.211025         network latency _45_/CLK
        6.235975 network latency i_sram/CLKin
---------------
9.861024 11.805975 latency
        1.944951 skew



===========================================================================
report_clock_min_period
============================================================================
clk period_min = 0.00 fmax = inf
