┏━━━━━━━┳━━━━━━━━━┳━━━━━━━━━━┳━━━━━━━━━━━━━━━┳━━━━━━━━━━━━━━━━━━━━┳━━━━━━━┓
┃ P / R ┃ Partial ┃ Required ┃ Net           ┃ Pin                ┃ Layer ┃
┡━━━━━━━╇━━━━━━━━━╇━━━━━━━━━━╇━━━━━━━━━━━━━━━╇━━━━━━━━━━━━━━━━━━━━╇━━━━━━━┩
│ 7.45  │ 2981.97 │ 400.00   │ wbs_dat_i[30] │ mprj/wbs_dat_i[30] │ met3  │
│ 7.18  │ 2870.98 │ 400.00   │ wbs_dat_i[29] │ mprj/wbs_dat_i[29] │ met3  │
│ 6.83  │ 2730.79 │ 400.00   │ wbs_dat_i[28] │ mprj/wbs_dat_i[28] │ met3  │
│ 6.48  │ 2590.60 │ 400.00   │ wbs_dat_i[27] │ mprj/wbs_dat_i[27] │ met3  │
│ 6.14  │ 2456.25 │ 400.00   │ wbs_dat_i[26] │ mprj/wbs_dat_i[26] │ met3  │
│ 5.86  │ 2345.27 │ 400.00   │ wbs_dat_i[25] │ mprj/wbs_dat_i[25] │ met3  │
│ 5.43  │ 2170.03 │ 400.00   │ wbs_dat_i[24] │ mprj/wbs_dat_i[24] │ met3  │
│ 5.09  │ 2035.68 │ 400.00   │ wbs_dat_i[23] │ mprj/wbs_dat_i[23] │ met3  │
│ 4.75  │ 1901.33 │ 400.00   │ wbs_dat_i[22] │ mprj/wbs_dat_i[22] │ met3  │
│ 4.45  │ 1778.67 │ 400.00   │ wbs_dat_i[21] │ mprj/wbs_dat_i[21] │ met3  │
│ 4.08  │ 1632.63 │ 400.00   │ wbs_dat_i[20] │ mprj/wbs_dat_i[20] │ met3  │
│ 3.73  │ 1492.44 │ 400.00   │ wbs_dat_i[19] │ mprj/wbs_dat_i[19] │ met3  │
│ 3.44  │ 1375.62 │ 400.00   │ wbs_dat_i[18] │ mprj/wbs_dat_i[18] │ met3  │
│ 3.02  │ 1206.22 │ 400.00   │ wbs_dat_i[17] │ mprj/wbs_dat_i[17] │ met3  │
│ 2.86  │ 1145.66 │ 400.00   │ wbs_stb_i     │ mprj/wbs_stb_i     │ met3  │
│ 2.74  │ 1095.24 │ 400.00   │ wbs_dat_i[16] │ mprj/wbs_dat_i[16] │ met3  │
│ 2.74  │ 1094.86 │ 400.00   │ wbs_dat_i[1]  │ mprj/wbs_dat_i[1]  │ met5  │
│ 2.58  │ 1030.98 │ 400.00   │ wbs_sel_i[1]  │ mprj/wbs_sel_i[1]  │ met3  │
│ 2.53  │ 1011.30 │ 400.00   │ wb_rst_i      │ mprj/wb_rst_i      │ met3  │
│ 2.34  │ 937.52  │ 400.00   │ wbs_dat_i[15] │ mprj/wbs_dat_i[15] │ met3  │
│ 2.01  │ 803.17  │ 400.00   │ wbs_dat_i[14] │ mprj/wbs_dat_i[14] │ met3  │
│ 2.00  │ 800.13  │ 400.00   │ wbs_adr_i[3]  │ mprj/wbs_adr_i[3]  │ met3  │
│ 1.86  │ 742.94  │ 400.00   │ wbs_cyc_i     │ mprj/wbs_cyc_i     │ met3  │
│ 1.85  │ 738.92  │ 400.00   │ wbs_dat_i[0]  │ mprj/wbs_dat_i[0]  │ met3  │
│ 1.76  │ 705.91  │ 400.00   │ wbs_we_i      │ mprj/wbs_we_i      │ met3  │
│ 1.75  │ 698.03  │ 400.00   │ wbs_dat_i[2]  │ mprj/wbs_dat_i[2]  │ met3  │
│ 1.72  │ 686.35  │ 400.00   │ wbs_sel_i[0]  │ mprj/wbs_sel_i[0]  │ met3  │
│ 1.64  │ 657.14  │ 400.00   │ wbs_dat_i[13] │ mprj/wbs_dat_i[13] │ met3  │
│ 1.63  │ 653.67  │ 400.00   │ wbs_dat_i[31] │ mprj/wbs_dat_i[31] │ met2  │
│ 1.62  │ 649.56  │ 400.00   │ wbs_dat_i[8]  │ mprj/wbs_dat_i[8]  │ met2  │
│ 1.62  │ 647.00  │ 400.00   │ wbs_adr_i[9]  │ mprj/wbs_adr_i[9]  │ met2  │
│ 1.61  │ 645.46  │ 400.00   │ wbs_sel_i[3]  │ mprj/wbs_sel_i[3]  │ met3  │
│ 1.61  │ 644.92  │ 400.00   │ wbs_adr_i[2]  │ mprj/wbs_adr_i[2]  │ met2  │
│ 1.60  │ 641.14  │ 400.00   │ wbs_sel_i[0]  │ mprj/wbs_sel_i[0]  │ met2  │
│ 1.60  │ 641.03  │ 400.00   │ wbs_dat_i[11] │ mprj/wbs_dat_i[11] │ met2  │
│ 1.59  │ 637.25  │ 400.00   │ wbs_sel_i[3]  │ mprj/wbs_sel_i[3]  │ met2  │
│ 1.58  │ 633.47  │ 400.00   │ wbs_adr_i[11] │ mprj/wbs_adr_i[11] │ met2  │
│ 1.58  │ 633.47  │ 400.00   │ wbs_adr_i[6]  │ mprj/wbs_adr_i[6]  │ met2  │
│ 1.57  │ 629.81  │ 400.00   │ wbs_sel_i[2]  │ mprj/wbs_sel_i[2]  │ met2  │
│ 1.57  │ 629.69  │ 400.00   │ wbs_adr_i[4]  │ mprj/wbs_adr_i[4]  │ met2  │
│ 1.57  │ 629.69  │ 400.00   │ wbs_dat_i[12] │ mprj/wbs_dat_i[12] │ met2  │
│ 1.57  │ 626.03  │ 400.00   │ wbs_dat_i[30] │ mprj/wbs_dat_i[30] │ met2  │
│ 1.56  │ 624.14  │ 400.00   │ wbs_dat_i[1]  │ mprj/wbs_dat_i[1]  │ met2  │
│ 1.56  │ 622.25  │ 400.00   │ wbs_dat_i[2]  │ mprj/wbs_dat_i[2]  │ met2  │
│ 1.56  │ 622.14  │ 400.00   │ wbs_adr_i[5]  │ mprj/wbs_adr_i[5]  │ met2  │
│ 1.56  │ 622.10  │ 400.00   │ wbs_adr_i[2]  │ mprj/wbs_adr_i[2]  │ met3  │
│ 1.55  │ 618.36  │ 400.00   │ wbs_adr_i[3]  │ mprj/wbs_adr_i[3]  │ met2  │
│ 1.54  │ 614.69  │ 400.00   │ wbs_dat_i[0]  │ mprj/wbs_dat_i[0]  │ met2  │
│ 1.54  │ 614.69  │ 400.00   │ wbs_dat_i[3]  │ mprj/wbs_dat_i[3]  │ met2  │
│ 1.54  │ 614.58  │ 400.00   │ wbs_dat_i[5]  │ mprj/wbs_dat_i[5]  │ met2  │
│ 1.52  │ 609.58  │ 400.00   │ wbs_dat_i[13] │ mprj/wbs_dat_i[13] │ met2  │
│ 1.52  │ 607.03  │ 400.00   │ wbs_dat_i[4]  │ mprj/wbs_dat_i[4]  │ met2  │
│ 1.51  │ 604.57  │ 400.00   │ wbs_adr_i[4]  │ mprj/wbs_adr_i[4]  │ met3  │
│ 1.51  │ 603.25  │ 400.00   │ wbs_adr_i[10] │ mprj/wbs_adr_i[10] │ met2  │
│ 1.39  │ 554.14  │ 400.00   │ wbs_dat_i[9]  │ mprj/wbs_dat_i[9]  │ met2  │
│ 1.38  │ 552.00  │ 400.00   │ wbs_dat_i[4]  │ mprj/wbs_dat_i[4]  │ met3  │
│ 1.38  │ 550.36  │ 400.00   │ wbs_dat_i[27] │ mprj/wbs_dat_i[27] │ met2  │
│ 1.37  │ 546.58  │ 400.00   │ wbs_dat_i[17] │ mprj/wbs_dat_i[17] │ met2  │
│ 1.34  │ 537.27  │ 400.00   │ wbs_sel_i[2]  │ mprj/wbs_sel_i[2]  │ met3  │
│ 1.31  │ 522.79  │ 400.00   │ wbs_dat_i[12] │ mprj/wbs_dat_i[12] │ met3  │
│ 1.27  │ 508.81  │ 400.00   │ wbs_dat_i[24] │ mprj/wbs_dat_i[24] │ met2  │
│ 1.24  │ 496.10  │ 400.00   │ wbs_we_i      │ mprj/wbs_we_i      │ met2  │
│ 1.23  │ 493.10  │ 400.00   │ wbs_cyc_i     │ mprj/wbs_cyc_i     │ met2  │
│ 1.18  │ 471.03  │ 400.00   │ wbs_dat_i[25] │ mprj/wbs_dat_i[25] │ met2  │
│ 1.18  │ 470.22  │ 400.00   │ wbs_adr_i[5]  │ mprj/wbs_adr_i[5]  │ met3  │
│ 1.16  │ 464.38  │ 400.00   │ wbs_dat_i[3]  │ mprj/wbs_dat_i[3]  │ met3  │
│ 1.08  │ 433.25  │ 400.00   │ wbs_dat_i[10] │ mprj/wbs_dat_i[10] │ met2  │
│ 1.08  │ 433.25  │ 400.00   │ wbs_dat_i[22] │ mprj/wbs_dat_i[22] │ met2  │
│ 1.07  │ 429.47  │ 400.00   │ wbs_dat_i[14] │ mprj/wbs_dat_i[14] │ met2  │
│ 1.07  │ 426.41  │ 400.00   │ wbs_dat_i[5]  │ mprj/wbs_dat_i[5]  │ met3  │
└───────┴─────────┴──────────┴───────────────┴────────────────────┴───────┘
