user_project_wrapper
----------------------------------------
Diffusion width < 0.15um (diff/tap.1)
----------------------------------------
 25.620um 313.500um 25.765um 314.560um
 25.620um 310.000um 25.765um 312.000um
 25.620um 306.500um 25.765um 308.500um
 25.620um 303.000um 25.765um 305.000um
 25.620um 299.500um 25.765um 301.500um
 25.620um 296.000um 25.765um 298.000um
 25.620um 292.500um 25.765um 294.500um
 25.620um 289.000um 25.765um 291.000um
 25.620um 285.500um 25.765um 287.500um
 25.620um 282.000um 25.765um 284.000um
 25.620um 278.500um 25.765um 280.500um
 25.620um 275.000um 25.765um 277.000um
 25.620um 271.500um 25.765um 273.500um
 25.620um 268.000um 25.765um 270.000um
 25.620um 264.500um 25.765um 266.500um
 25.620um 261.000um 25.765um 263.000um
 25.620um 257.500um 25.765um 259.500um
 25.620um 254.000um 25.765um 256.000um
 25.620um 250.500um 25.765um 252.500um
 25.620um 247.000um 25.765um 249.000um
 25.620um 243.500um 25.765um 245.500um
 25.620um 240.000um 25.765um 242.000um
 25.620um 236.500um 25.765um 238.500um
 25.620um 233.000um 25.765um 235.000um
 25.620um 229.500um 25.765um 231.500um
 25.620um 226.000um 25.765um 228.000um
 25.620um 222.500um 25.765um 224.500um
 25.620um 219.000um 25.765um 221.000um
 25.620um 215.500um 25.765um 217.500um
 25.620um 212.000um 25.765um 214.000um
 25.620um 208.500um 25.765um 210.500um
 25.620um 205.000um 25.765um 207.000um
 25.620um 201.500um 25.765um 203.500um
 25.620um 198.000um 25.765um 200.000um
 25.620um 194.500um 25.765um 196.500um
 25.620um 191.000um 25.765um 193.000um
 25.620um 187.500um 25.765um 189.500um
 25.620um 184.000um 25.765um 186.000um
 25.620um 180.500um 25.765um 182.500um
 25.620um 177.000um 25.765um 179.000um
 25.620um 173.500um 25.765um 175.500um
 25.620um 170.000um 25.765um 172.000um
 25.620um 166.500um 25.765um 168.500um
 25.620um 163.000um 25.765um 165.000um
 25.620um 159.500um 25.765um 161.500um
 25.620um 156.000um 25.765um 158.000um
 25.620um 541.000um 25.765um 542.870um
 25.620um 537.500um 25.765um 539.500um
 25.620um 534.000um 25.765um 536.000um
 25.620um 530.500um 25.765um 532.500um
 25.620um 527.000um 25.765um 529.000um
 25.620um 523.500um 25.765um 525.500um
 25.620um 520.000um 25.765um 522.000um
 25.620um 516.500um 25.765um 518.500um
 25.620um 513.000um 25.765um 515.000um
 25.620um 509.500um 25.765um 511.500um
 25.620um 506.000um 25.765um 508.000um
 25.620um 502.500um 25.765um 504.500um
 25.620um 499.000um 25.765um 501.000um
 25.620um 495.500um 25.765um 497.500um
 25.620um 492.000um 25.765um 494.000um
 25.620um 488.500um 25.765um 490.500um
 25.620um 485.000um 25.765um 487.000um
 25.620um 481.500um 25.765um 483.500um
 25.620um 478.000um 25.765um 480.000um
 25.620um 474.500um 25.765um 476.500um
 25.620um 471.000um 25.765um 473.000um
 25.620um 467.500um 25.765um 469.500um
 25.620um 464.000um 25.765um 466.000um
 25.620um 460.500um 25.765um 462.500um
 25.620um 457.000um 25.765um 459.000um
 25.620um 453.500um 25.765um 455.500um
 25.620um 450.000um 25.765um 452.000um
 25.620um 446.500um 25.765um 448.500um
 25.620um 443.000um 25.765um 445.000um
 25.620um 439.500um 25.765um 441.500um
 25.620um 436.000um 25.765um 438.000um
 25.620um 432.500um 25.765um 434.500um
 25.620um 429.000um 25.765um 431.000um
 25.620um 425.500um 25.765um 427.500um
 25.620um 422.000um 25.765um 424.000um
 25.620um 418.500um 25.765um 420.500um
 25.620um 415.000um 25.765um 417.000um
 25.620um 411.500um 25.765um 413.500um
 25.620um 408.000um 25.765um 410.000um
 25.620um 404.500um 25.765um 406.500um
 25.620um 401.000um 25.765um 403.000um
 25.620um 397.500um 25.765um 399.500um
 25.620um 394.000um 25.765um 396.000um
 25.620um 390.500um 25.765um 392.500um
 25.620um 387.000um 25.765um 389.000um
 25.620um 383.500um 25.765um 385.500um
 25.620um 380.000um 25.765um 382.000um
 25.620um 376.500um 25.765um 378.500um
 25.620um 373.000um 25.765um 375.000um
 25.620um 369.500um 25.765um 371.500um
 25.620um 366.000um 25.765um 368.000um
 25.620um 362.500um 25.765um 364.500um
 25.620um 359.000um 25.765um 361.000um
 25.620um 355.500um 25.765um 357.500um
 25.620um 352.000um 25.765um 354.000um
 25.620um 348.500um 25.765um 350.500um
 25.620um 346.775um 25.765um 347.000um
 25.620um 345.170um 25.765um 346.775um
 25.620um 345.000um 25.765um 345.170um
 25.620um 343.450um 25.765um 343.500um
 25.620um 341.550um 25.765um 343.450um
 25.620um 341.500um 25.765um 341.550um
 25.620um 338.000um 25.765um 340.000um
 25.620um 334.500um 25.765um 336.500um
 25.620um 332.365um 25.765um 333.000um
 25.620um 331.000um 25.765um 332.365um
 25.620um 327.500um 25.765um 329.500um
 25.620um 324.000um 25.765um 326.000um
 25.620um 320.500um 25.765um 322.500um
 25.620um 317.000um 25.765um 319.000um
 25.620um 314.560um 25.765um 315.500um
----------------------------------------
Can't overlap those layers
----------------------------------------
 154.310um 333.325um 156.835um 334.140um
 156.525um 333.140um 156.835um 333.325um
 156.525um 332.365um 157.955um 333.140um
 159.935um 330.500um 160.935um 331.500um
 154.640um 345.170um 156.215um 346.775um
 154.375um 341.550um 156.460um 343.450um
 154.310um 333.325um 156.835um 334.140um
 156.525um 333.140um 156.835um 333.325um
 156.525um 332.365um 157.955um 333.140um
 159.935um 330.500um 160.935um 331.500um
 328.260um 358.445um 328.935um 358.450um
 328.930um 344.285um 328.935um 344.545um
 328.930um 340.745um 328.935um 341.005um
 328.260um 358.445um 328.935um 358.450um
 328.930um 344.285um 328.935um 344.545um
 328.930um 340.745um 328.935um 341.005um
----------------------------------------
Min area of metal1 holes > 0.14um^2 (met1.7)
----------------------------------------
 328.260um 358.445um 328.935um 358.450um
 328.930um 344.285um 328.935um 344.545um
 328.930um 340.745um 328.935um 341.005um
----------------------------------------
N-well overlap of Deep N-well < 0.4um outside, 1.03um inside (nwell.5a, 7)
----------------------------------------
 25.560um 157.770um 26.990um 314.560um
 25.560um 156.340um 314.560um 157.770um
 25.560um 540.450um 314.560um 541.880um
 25.560um 314.560um 26.990um 540.450um
 327.445um 157.770um 328.875um 314.560um
 314.560um 156.340um 328.875um 157.770um
 314.560um 540.450um 328.875um 541.880um
 327.445um 314.560um 328.875um 540.450um
----------------------------------------
[INFO] COUNT: 144
[INFO] Should be divided by 3 or 4

