Clock: clk
Sources: wb_clk_i 
Generated: no
Virtual: yes
Propagated: no
Period: 25.000000

===========================================================================
report_clock_properties
============================================================================
Clock                   Period          Waveform
----------------------------------------------------
clk                  25.000000    0.000000 12.500000

===========================================================================
report_clock_latency
============================================================================
Clock clk
rise -> rise
    min     max
4.650000 5.570000 source latency
5.123847         network latency _45_/CLK
        6.152706 network latency i_sram/CLKin
---------------
9.773848 11.722706 latency
        1.948858 skew

fall -> fall
    min     max
4.650000 5.570000 source latency
5.234107         network latency _45_/CLK
        6.259887 network latency i_sram/CLKin
---------------
9.884107 11.829886 latency
        1.945781 skew



===========================================================================
report_clock_min_period
============================================================================
clk period_min = 0.00 fmax = inf
