
===========================================================================
 report_power
============================================================================
======================= max_tt_025C_1v80 Corner ===================================

Group                    Internal    Switching      Leakage        Total
                            Power        Power        Power        Power (Watts)
------------------------------------------------------------------------
Sequential           1.701186e-06 1.181074e-07 1.288808e-11 1.819306e-06   0.1%
Combinational        2.183936e-05 3.804699e-05 1.374600e-09 5.988773e-05   3.7%
Clock                2.385854e-05 3.377289e-05 1.059584e-09 5.763249e-05   3.6%
Macro                1.485566e-03 0.000000e+00 4.161120e-08 1.485608e-03  92.6%
Pad                  0.000000e+00 0.000000e+00 0.000000e+00 0.000000e+00   0.0%
------------------------------------------------------------------------
Total                1.532965e-03 7.193797e-05 4.405819e-08 1.604947e-03 100.0%
                            95.5%         4.5%         0.0%

