Clock: clk
Sources: wb_clk_i 
Generated: no
Virtual: yes
Propagated: no
Period: 25.000000

===========================================================================
report_clock_properties
============================================================================
Clock                   Period          Waveform
----------------------------------------------------
clk                  25.000000    0.000000 12.500000

===========================================================================
report_clock_latency
============================================================================
Clock clk
rise -> rise
    min     max
4.650000 5.570000 source latency
4.958637         network latency mprj/_45_/CLK
        5.878637 network latency mprj/_45_/CLK
---------------
9.608637 11.448637 latency
        1.840000 skew

fall -> fall
    min     max
4.650000 5.570000 source latency
5.115837         network latency mprj/_45_/CLK
        6.035837 network latency mprj/_45_/CLK
---------------
9.765837 11.605837 latency
        1.840000 skew



===========================================================================
report_clock_min_period
============================================================================
clk period_min = 0.00 fmax = inf
