
===========================================================================
 report_power
============================================================================
======================= nom_ff_n40C_1v95 Corner ===================================

Group                    Internal    Switching      Leakage        Total
                            Power        Power        Power        Power (Watts)
------------------------------------------------------------------------
Sequential           1.978499e-06 1.342295e-07 1.535706e-11 2.112744e-06   1.5%
Combinational        3.256040e-05 6.024495e-05 6.984290e-09 9.281233e-05  65.1%
Clock                2.732102e-05 2.023524e-05 1.454107e-09 4.755771e-05  33.4%
Macro                0.000000e+00 0.000000e+00 0.000000e+00 0.000000e+00   0.0%
Pad                  0.000000e+00 0.000000e+00 0.000000e+00 0.000000e+00   0.0%
------------------------------------------------------------------------
Total                6.185990e-05 8.061442e-05 8.453745e-09 1.424828e-04 100.0%
                            43.4%        56.6%         0.0%

