Clock: clk
Sources: wb_clk_i 
Generated: no
Virtual: yes
Propagated: no
Period: 25.000000

===========================================================================
report_clock_properties
============================================================================
Clock                   Period          Waveform
----------------------------------------------------
clk                  25.000000    0.000000 12.500000

===========================================================================
report_clock_latency
============================================================================
Clock clk
rise -> rise
    min     max
4.650000 5.570000 source latency
4.929006         network latency _45_/CLK
        5.923904 network latency i_sram/CLKin
---------------
9.579006 11.493905 latency
        1.914899 skew

fall -> fall
    min     max
4.650000 5.570000 source latency
5.075481         network latency _45_/CLK
        6.073622 network latency i_sram/CLKin
---------------
9.725481 11.643621 latency
        1.918140 skew



===========================================================================
report_clock_min_period
============================================================================
clk period_min = 0.00 fmax = inf
