
===========================================================================
 report_power
============================================================================
======================= min_ff_n40C_1v95 Corner ===================================

Group                    Internal    Switching      Leakage        Total
                            Power        Power        Power        Power (Watts)
------------------------------------------------------------------------
Sequential           1.979072e-06 1.277054e-07 1.535706e-11 2.106793e-06   0.1%
Combinational        2.583299e-05 4.004287e-05 7.096235e-09 6.588295e-05   4.1%
Clock                2.792647e-05 3.736558e-05 1.453947e-09 6.529351e-05   4.0%
Macro                1.485566e-03 0.000000e+00 4.161120e-08 1.485608e-03  91.8%
Pad                  0.000000e+00 0.000000e+00 0.000000e+00 0.000000e+00   0.0%
------------------------------------------------------------------------
Total                1.541305e-03 7.753616e-05 5.017670e-08 1.618891e-03 100.0%
                            95.2%         4.8%         0.0%

