Clock: clk
Sources: wb_clk_i 
Generated: no
Virtual: yes
Propagated: no
Period: 25.000000

===========================================================================
report_clock_properties
============================================================================
Clock                   Period          Waveform
----------------------------------------------------
clk                  25.000000    0.000000 12.500000

===========================================================================
report_clock_latency
============================================================================
Clock clk
rise -> rise
    min     max
4.650000 5.570000 source latency
5.482850         network latency mprj/_45_/CLK
        6.402850 network latency mprj/_45_/CLK
---------------
10.132850 11.972850 latency
        1.840000 skew

fall -> fall
    min     max
4.650000 5.570000 source latency
5.547870         network latency mprj/_45_/CLK
        6.467870 network latency mprj/_45_/CLK
---------------
10.197869 12.037869 latency
        1.840000 skew



===========================================================================
report_clock_min_period
============================================================================
clk period_min = 0.00 fmax = inf
