
===========================================================================
 report_power
============================================================================
======================= nom_ss_100C_1v60 Corner ===================================

Group                    Internal    Switching      Leakage        Total
                            Power        Power        Power        Power (Watts)
------------------------------------------------------------------------
Sequential           1.305130e-06 8.893013e-08 1.881796e-08 1.412878e-06   1.4%
Combinational        2.218434e-05 4.033313e-05 1.965918e-06 6.448339e-05  65.4%
Clock                1.900591e-05 1.366109e-05 7.637962e-08 3.274338e-05  33.2%
Macro                0.000000e+00 0.000000e+00 0.000000e+00 0.000000e+00   0.0%
Pad                  0.000000e+00 0.000000e+00 0.000000e+00 0.000000e+00   0.0%
------------------------------------------------------------------------
Total                4.249539e-05 5.408313e-05 2.061116e-06 9.863963e-05 100.0%
                            43.1%        54.8%         2.1%

